
PROGRAM "D:\equipos_produccion_14_10_09\VersionCompleta07e3(Todo en c)\bin\P&E_ICD.abs"

*********************************************************************************************
TARGET SECTION
---------------------------------------------------------------------------------------------
Processor   : Freescale HC12
Memory Model: SMALL
File Format : ELF\DWARF 2.0
Linker      : SmartLinker V-5.0.36 Build 9056, Feb 26 2009

*********************************************************************************************
FILE SECTION
---------------------------------------------------------------------------------------------
Start12.c.o                             Model: SMALL,         Lang: ANSI-C
Cpu.c.o                                 Model: SMALL,         Lang: ANSI-C
PTSL.c.o                                Model: SMALL,         Lang: ANSI-C
AS1.c.o                                 Model: SMALL,         Lang: ANSI-C
FLASH1.c.o                              Model: SMALL,         Lang: ANSI-C
TI1.c.o                                 Model: SMALL,         Lang: ANSI-C
IO_Map.c.o                              Model: SMALL,         Lang: ANSI-C
Events.c.o                              Model: SMALL,         Lang: ANSI-C
cntr_26_07.c.o                          Model: SMALL,         Lang: ANSI-C
TECLAS3.c.o                             Model: SMALL,         Lang: ANSI-C
Comunicacion.c.o                        Model: SMALL,         Lang: ANSI-C
ADC.c.o                                 Model: SMALL,         Lang: ANSI-C
display.c.o                             Model: SMALL,         Lang: ANSI-C
IFsh10.c.o                              Model: SMALL,         Lang: ANSI-C
PWM.c.o                                 Model: SMALL,         Lang: ANSI-C
O7.c.o                                  Model: SMALL,         Lang: ANSI-C
O2.c.o                                  Model: SMALL,         Lang: ANSI-C
O4.c.o                                  Model: SMALL,         Lang: ANSI-C
O6.c.o                                  Model: SMALL,         Lang: ANSI-C
Control.c.o                             Model: SMALL,         Lang: ANSI-C
SelfTune.c.o                            Model: SMALL,         Lang: ANSI-C
cnfbox.c.o                              Model: SMALL,         Lang: ANSI-C
boxestun.c.o                            Model: SMALL,         Lang: ANSI-C
boxescal.c.o                            Model: SMALL,         Lang: ANSI-C
boxesset.c.o                            Model: SMALL,         Lang: ANSI-C
Sensores.c.o                            Model: SMALL,         Lang: ANSI-C
Vectors.c.o                             Model: SMALL,         Lang: ANSI-C
boxes.c.o                               Model: SMALL,         Lang: ANSI-C
System.c.o                              Model: SMALL,         Lang: ANSI-C
Math.c.o                                Model: SMALL,         Lang: ANSI-C
EI2C1.c.o                               Model: SMALL,         Lang: ANSI-C
Inhr1.c.o                               Model: SMALL,         Lang: ANSI-C
Inhr2.c.o                               Model: SMALL,         Lang: ANSI-C
boxesRPM.c.o                            Model: SMALL,         Lang: ANSI-C
HEAP.C.o (ansisf.lib)                   Model: SMALL,         Lang: ANSI-C
STDLIB.C.o (ansisf.lib)                 Model: SMALL,         Lang: ANSI-C
ALLOC.C.o (ansisf.lib)                  Model: SMALL,         Lang: ANSI-C
FCONV.C.o (ansisf.lib)                  Model: SMALL,         Lang: ANSI-C
FMUL.C.o (ansisf.lib)                   Model: SMALL,         Lang: ANSI-C
FREGS.C.o (ansisf.lib)                  Model: SMALL,         Lang: ANSI-C
rtshc12.c.o (ansisf.lib)                Model: SMALL,         Lang: ANSI-C
VREGS.C.o (ansisf.lib)                  Model: SMALL,         Lang: ANSI-C
TimerOld.c.o                            Model: SMALL,         Lang: ANSI-C
Timer.c.o                               Model: SMALL,         Lang: ANSI-C
BaseTimers.c.o                          Model: SMALL,         Lang: ANSI-C
BaseTimers_1ms_40ms.c.o                 Model: SMALL,         Lang: ANSI-C
MethodTimer.c.o                         Model: SMALL,         Lang: ANSI-C
RlxMTimer.c.o                           Model: SMALL,         Lang: ANSI-C
CapPT2.c.o                              Model: SMALL,         Lang: ANSI-C
CapturadorPT2.c.o                       Model: SMALL,         Lang: ANSI-C
SensorRPM.c.o                           Model: SMALL,         Lang: ANSI-C
nodo.c.o                                Model: SMALL,         Lang: ANSI-C
LinkedList.c.o                          Model: SMALL,         Lang: ANSI-C
Method.c.o                              Model: SMALL,         Lang: ANSI-C
MethodContainer.c.o                     Model: SMALL,         Lang: ANSI-C
BaseTiempoDS1307.c.o                    Model: SMALL,         Lang: ANSI-C

*********************************************************************************************
STARTUP SECTION
---------------------------------------------------------------------------------------------
Entry point: 0x551C (_EntryPoint)
_startupData is allocated at 0x554D and uses 11 Bytes
extern struct _tagStartup {
  unsigned flags          0
  _PFunc   main           0x65EB    (main)
  long     stackOffset    0x166B
  unsigned nofZeroOut     2
  _Range   pZeroOut       0x1000     40
                          0x1031     1467
  _Copy    *toCopyDownBeg 0xD658
} _startupData;

*********************************************************************************************
SECTION-ALLOCATION SECTION
Section Name                    Size  Type     From       To       Segment
---------------------------------------------------------------------------------------------
.data                             29   R/W     0x1031     0x104D   RAM_1200
MYDATA                            40   R/W     0x1000     0x1027   RAM_1000
PARAMETERS_PAGE                  148     R     0x4000     0x4093   ROM_4000
.init                             77     R     0x5500     0x554C   ROM_6000
.startData                        19     R     0x554D     0x555F   ROM_6000
.rodata                         2588     R     0x5560     0x5F7B   ROM_6000
.rodata1                         458     R     0x5F7C     0x6145   ROM_6000
NON_BANKED                       842     R     0x6146     0x648F   ROM_6000
.text                           6817     R     0x6490     0x7F30   ROM_6000
.copy                            190     R     0xD658     0xD715   ROM_C000
.abs_section_8                     1   N/I        0x8        0x8   .absSeg0
.abs_section_9                     1   N/I        0x9        0x9   .absSeg1
.abs_section_a                     1   N/I        0xA        0xA   .absSeg2
.abs_section_b                     1   N/I        0xB        0xB   .absSeg3
.abs_section_c                     1   N/I        0xC        0xC   .absSeg4
.abs_section_d                     1   N/I        0xD        0xD   .absSeg5
.abs_section_e                     1   N/I        0xE        0xE   .absSeg6
.abs_section_10                    1   N/I       0x10       0x10   .absSeg7
.abs_section_11                    1   N/I       0x11       0x11   .absSeg8
.abs_section_13                    1   N/I       0x13       0x13   .absSeg9
.abs_section_15                    1   N/I       0x15       0x15   .absSeg10
.abs_section_16                    1   N/I       0x16       0x16   .absSeg11
.abs_section_19                    1   N/I       0x19       0x19   .absSeg12
.abs_section_1c                    1   N/I       0x1C       0x1C   .absSeg13
.abs_section_1d                    1   N/I       0x1D       0x1D   .absSeg14
.abs_section_1e                    1   N/I       0x1E       0x1E   .absSeg15
.abs_section_1f                    1   N/I       0x1F       0x1F   .absSeg16
.abs_section_20                    1   N/I       0x20       0x20   .absSeg17
.abs_section_21                    1   N/I       0x21       0x21   .absSeg18
.abs_section_24                    1   N/I       0x24       0x24   .absSeg19
.abs_section_25                    1   N/I       0x25       0x25   .absSeg20
.abs_section_28                    1   N/I       0x28       0x28   .absSeg21
.abs_section_29                    1   N/I       0x29       0x29   .absSeg22
.abs_section_2a                    1   N/I       0x2A       0x2A   .absSeg23
.abs_section_2d                    1   N/I       0x2D       0x2D   .absSeg24
.abs_section_30                    1   N/I       0x30       0x30   .absSeg25
.abs_section_34                    1   N/I       0x34       0x34   .absSeg26
.abs_section_35                    1   N/I       0x35       0x35   .absSeg27
.abs_section_37                    1   N/I       0x37       0x37   .absSeg28
.abs_section_38                    1   N/I       0x38       0x38   .absSeg29
.abs_section_39                    1   N/I       0x39       0x39   .absSeg30
.abs_section_3a                    1   N/I       0x3A       0x3A   .absSeg31
.abs_section_3b                    1   N/I       0x3B       0x3B   .absSeg32
.abs_section_3c                    1   N/I       0x3C       0x3C   .absSeg33
.abs_section_3f                    1   N/I       0x3F       0x3F   .absSeg34
.abs_section_40                    1   N/I       0x40       0x40   .absSeg35
.abs_section_41                    1   N/I       0x41       0x41   .absSeg36
.abs_section_42                    1   N/I       0x42       0x42   .absSeg37
.abs_section_43                    1   N/I       0x43       0x43   .absSeg38
.abs_section_46                    1   N/I       0x46       0x46   .absSeg39
.abs_section_47                    1   N/I       0x47       0x47   .absSeg40
.abs_section_48                    1   N/I       0x48       0x48   .absSeg41
.abs_section_49                    1   N/I       0x49       0x49   .absSeg42
.abs_section_4a                    1   N/I       0x4A       0x4A   .absSeg43
.abs_section_4b                    1   N/I       0x4B       0x4B   .absSeg44
.abs_section_4c                    1   N/I       0x4C       0x4C   .absSeg45
.abs_section_4d                    1   N/I       0x4D       0x4D   .absSeg46
.abs_section_4e                    1   N/I       0x4E       0x4E   .absSeg47
.abs_section_4f                    1   N/I       0x4F       0x4F   .absSeg48
.abs_section_60                    1   N/I       0x60       0x60   .absSeg49
.abs_section_61                    1   N/I       0x61       0x61   .absSeg50
.abs_section_86                    1   N/I       0x86       0x86   .absSeg51
.abs_section_89                    1   N/I       0x89       0x89   .absSeg52
.abs_section_8b                    1   N/I       0x8B       0x8B   .absSeg53
.abs_section_8d                    1   N/I       0x8D       0x8D   .absSeg54
.abs_section_8f                    1   N/I       0x8F       0x8F   .absSeg55
.abs_section_ca                    1   N/I       0xCA       0xCA   .absSeg56
.abs_section_cb                    1   N/I       0xCB       0xCB   .absSeg57
.abs_section_cc                    1   N/I       0xCC       0xCC   .absSeg58
.abs_section_cd                    1   N/I       0xCD       0xCD   .absSeg59
.abs_section_ce                    1   N/I       0xCE       0xCE   .absSeg60
.abs_section_cf                    1   N/I       0xCF       0xCF   .absSeg61
.abs_section_d8                    1   N/I       0xD8       0xD8   .absSeg62
.abs_section_d9                    1   N/I       0xD9       0xD9   .absSeg63
.abs_section_da                    1   N/I       0xDA       0xDA   .absSeg64
.abs_section_db                    1   N/I       0xDB       0xDB   .absSeg65
.abs_section_dd                    1   N/I       0xDD       0xDD   .absSeg66
.abs_section_e0                    1   N/I       0xE0       0xE0   .absSeg67
.abs_section_e1                    1   N/I       0xE1       0xE1   .absSeg68
.abs_section_e2                    1   N/I       0xE2       0xE2   .absSeg69
.abs_section_e3                    1   N/I       0xE3       0xE3   .absSeg70
.abs_section_e4                    1   N/I       0xE4       0xE4   .absSeg71
.abs_section_e5                    1   N/I       0xE5       0xE5   .absSeg72
.abs_section_e8                    1   N/I       0xE8       0xE8   .absSeg73
.abs_section_e9                    1   N/I       0xE9       0xE9   .absSeg74
.abs_section_fe                    1   N/I       0xFE       0xFE   .absSeg75
.abs_section_100                   1   N/I      0x100      0x100   .absSeg76
.abs_section_101                   1   N/I      0x101      0x101   .absSeg77
.abs_section_103                   1   N/I      0x103      0x103   .absSeg78
.abs_section_104                   1   N/I      0x104      0x104   .absSeg79
.abs_section_105                   1   N/I      0x105      0x105   .absSeg80
.abs_section_106                   1   N/I      0x106      0x106   .absSeg81
.abs_section_240                   1   N/I      0x240      0x240   .absSeg82
.abs_section_241                   1   N/I      0x241      0x241   .absSeg83
.abs_section_242                   1   N/I      0x242      0x242   .absSeg84
.abs_section_243                   1   N/I      0x243      0x243   .absSeg85
.abs_section_244                   1   N/I      0x244      0x244   .absSeg86
.abs_section_245                   1   N/I      0x245      0x245   .absSeg87
.abs_section_247                   1   N/I      0x247      0x247   .absSeg88
.abs_section_248                   1   N/I      0x248      0x248   .absSeg89
.abs_section_249                   1   N/I      0x249      0x249   .absSeg90
.abs_section_24a                   1   N/I      0x24A      0x24A   .absSeg91
.abs_section_24b                   1   N/I      0x24B      0x24B   .absSeg92
.abs_section_24c                   1   N/I      0x24C      0x24C   .absSeg93
.abs_section_24d                   1   N/I      0x24D      0x24D   .absSeg94
.abs_section_24e                   1   N/I      0x24E      0x24E   .absSeg95
.abs_section_250                   1   N/I      0x250      0x250   .absSeg96
.abs_section_251                   1   N/I      0x251      0x251   .absSeg97
.abs_section_252                   1   N/I      0x252      0x252   .absSeg98
.abs_section_253                   1   N/I      0x253      0x253   .absSeg99
.abs_section_254                   1   N/I      0x254      0x254   .absSeg100
.abs_section_255                   1   N/I      0x255      0x255   .absSeg101
.abs_section_256                   1   N/I      0x256      0x256   .absSeg102
.abs_section_258                   1   N/I      0x258      0x258   .absSeg103
.abs_section_259                   1   N/I      0x259      0x259   .absSeg104
.abs_section_25a                   1   N/I      0x25A      0x25A   .absSeg105
.abs_section_25b                   1   N/I      0x25B      0x25B   .absSeg106
.abs_section_25c                   1   N/I      0x25C      0x25C   .absSeg107
.abs_section_25d                   1   N/I      0x25D      0x25D   .absSeg108
.abs_section_25e                   1   N/I      0x25E      0x25E   .absSeg109
.abs_section_25f                   1   N/I      0x25F      0x25F   .absSeg110
.abs_section_268                   1   N/I      0x268      0x268   .absSeg111
.abs_section_269                   1   N/I      0x269      0x269   .absSeg112
.abs_section_26a                   1   N/I      0x26A      0x26A   .absSeg113
.abs_section_26b                   1   N/I      0x26B      0x26B   .absSeg114
.abs_section_26c                   1   N/I      0x26C      0x26C   .absSeg115
.abs_section_26d                   1   N/I      0x26D      0x26D   .absSeg116
.abs_section_26e                   1   N/I      0x26E      0x26E   .absSeg117
.abs_section_26f                   1   N/I      0x26F      0x26F   .absSeg118
.abs_section_270                   1   N/I      0x270      0x270   .absSeg119
.abs_section_271                   1   N/I      0x271      0x271   .absSeg120
.abs_section_272                   1   N/I      0x272      0x272   .absSeg121
.abs_section_273                   1   N/I      0x273      0x273   .absSeg122
.abs_section_274                   1   N/I      0x274      0x274   .absSeg123
.abs_section_275                   1   N/I      0x275      0x275   .absSeg124
.abs_section_0                     2   N/I        0x0        0x1   .absSeg125
.abs_section_2                     2   N/I        0x2        0x3   .absSeg126
.abs_section_1a                    2   N/I       0x1A       0x1B   .absSeg127
.abs_section_22                    2   N/I       0x22       0x23   .absSeg128
.abs_section_26                    2   N/I       0x26       0x27   .absSeg129
.abs_section_2b                    2   N/I       0x2B       0x2C   .absSeg130
.abs_section_2e                    2   N/I       0x2E       0x2F   .absSeg131
.abs_section_44                    2   N/I       0x44       0x45   .absSeg132
.abs_section_50                    2   N/I       0x50       0x51   .absSeg133
.abs_section_52                    2   N/I       0x52       0x53   .absSeg134
.abs_section_54                    2   N/I       0x54       0x55   .absSeg135
.abs_section_56                    2   N/I       0x56       0x57   .absSeg136
.abs_section_58                    2   N/I       0x58       0x59   .absSeg137
.abs_section_5a                    2   N/I       0x5A       0x5B   .absSeg138
.abs_section_5c                    2   N/I       0x5C       0x5D   .absSeg139
.abs_section_5e                    2   N/I       0x5E       0x5F   .absSeg140
.abs_section_62                    2   N/I       0x62       0x63   .absSeg141
.abs_section_82                    2   N/I       0x82       0x83   .absSeg142
.abs_section_84                    2   N/I       0x84       0x85   .absSeg143
.abs_section_90                    2   N/I       0x90       0x91   .absSeg144
.abs_section_92                    2   N/I       0x92       0x93   .absSeg145
.abs_section_94                    2   N/I       0x94       0x95   .absSeg146
.abs_section_96                    2   N/I       0x96       0x97   .absSeg147
.abs_section_98                    2   N/I       0x98       0x99   .absSeg148
.abs_section_9a                    2   N/I       0x9A       0x9B   .absSeg149
.abs_section_9c                    2   N/I       0x9C       0x9D   .absSeg150
.abs_section_9e                    2   N/I       0x9E       0x9F   .absSeg151
.abs_section_c8                    2   N/I       0xC8       0xC9   .absSeg152
.abs_section_ec                    2   N/I       0xEC       0xED   .absSeg153
.abs_section_ee                    2   N/I       0xEE       0xEF   .absSeg154
.abs_section_f0                    2   N/I       0xF0       0xF1   .absSeg155
.abs_section_f2                    2   N/I       0xF2       0xF3   .absSeg156
.abs_section_f4                    2   N/I       0xF4       0xF5   .absSeg157
.abs_section_f6                    2   N/I       0xF6       0xF7   .absSeg158
.abs_section_f8                    2   N/I       0xF8       0xF9   .absSeg159
.abs_section_fa                    2   N/I       0xFA       0xFB   .absSeg160
.abs_section_fc                    2   N/I       0xFC       0xFD   .absSeg161
.abs_section_ff80                128     R     0xFF80     0xFFFF   .absSeg162
.bss                              76   R/W     0x104E     0x1099   RAM_1200
RUNTIME                         1059     R     0xC63E     0xCA60   ROM_C000
PTSL_CODE                         43     R     0xCA61     0xCA8B   ROM_C000
AS1_DATA                           2   R/W     0x109A     0x109B   RAM_1200
AS1_CODE                         120     R     0xCA8C     0xCB03   ROM_C000
TI1_CODE                          29     R     0xCB04     0xCB20   ROM_C000
PWM_CODE                         631     R     0xCB21     0xCD97   ROM_C000
PWM_DATA                         112   R/W     0x109C     0x110B   RAM_1200
O2_CODE                           13     R     0xCD98     0xCDA4   ROM_C000
O4_CODE                           13     R     0xCDA5     0xCDB1   ROM_C000
O6_CODE                           13     R     0xCDB2     0xCDBE   ROM_C000
O7_CODE                           13     R     0xCDBF     0xCDCB   ROM_C000
IFsh10_DATA                      697   R/W     0x110C     0x13C4   RAM_1200
IFsh10_CODE                      455     R     0xCDCC     0xCF92   ROM_C000
EI2C1_CODE                       740     R     0xCF93     0xD276   ROM_C000
.common                          294   R/W     0x13C5     0x14EA   RAM_1200
PTSL_CONST                         2     R     0xD277     0xD278   ROM_C000
METHOD_CODE                       27     R     0xD279     0xD293   ROM_C000
TI1_DATA                           2   R/W     0x14EB     0x14EC   RAM_1200
ADC_CODE                          66     R     0xD294     0xD2D5   ROM_C000
ADC_DATA                          17   R/W     0x14ED     0x14FD   RAM_1200
LinkedList_CODE                  130     R     0xD2D6     0xD357   ROM_C000
LinkedList_DATA                   20   R/W     0x14FE     0x1511   RAM_1200
Timer_CODE                       239     R     0xD358     0xD446   ROM_C000
MethodTimer_DATA                   3   R/W     0x1512     0x1514   RAM_1200
MethodTimer_CODE                 102     R     0xD447     0xD4AC   ROM_C000
RlxMTimer_DATA                     2   R/W     0x1515     0x1516   RAM_1200
RlxMTimer_CODE                   116     R     0xD4AD     0xD520   ROM_C000
ADC_CONST                          4     R     0xD521     0xD524   ROM_C000
CapPT2_DATA                       12   R/W     0x1517     0x1522   RAM_1200
CapPT2_CODE                      251     R     0xD525     0xD61F   ROM_C000
Inhr2_CODE                        13     R     0xD620     0xD62C   ROM_C000
Inhr1_CODE                        13     R     0xD62D     0xD639   ROM_C000
EI2C1_DATA                         1   R/W     0x1523     0x1523   RAM_1200
HEAP_SEGMENT                     200   R/W     0x1524     0x15EB   RAM_1200
Nodo_CODE                         30     R     0xD63A     0xD657   ROM_C000
.stack                           128   R/W     0x15EC     0x166B   RAM_1200
ROM_C000_163                    1598     R     0xC000     0xC63D   ROM_C000

Summary of section sizes per section type:
READ_ONLY (R):        425B (dec:    16987)
READ_WRITE (R/W):      663 (dec:     1635)
NO_INIT (N/I):          C7 (dec:      199)

*********************************************************************************************
VECTOR-ALLOCATION SECTION
    Address     InitValue   InitFunction
---------------------------------------------------------------------------------------------

*********************************************************************************************
OBJECT-ALLOCATION SECTION
     Name               Module                 Addr   hSize   dSize     Ref    Section   RLIB
---------------------------------------------------------------------------------------------
MODULE:                 -- Start12.c.o --
- PROCEDURES:
     Init                                      6490      29      41       1   .text       
     _Startup                                  64B9      10      16       1   .text       
- VARIABLES:
     _startupData                              554D       B      11       5   .startData  
- LABELS:
     __SEG_END_SSTACK                          166C       0       0       1               
MODULE:                 -- Cpu.c.o --
- PROCEDURES:
     PE_low_level_init                         64C9      CD     205       1   .text       
     Cpu_Interrupt                             5500       2       2      50   .init       
     _EntryPointCOP                            5502       4       4       1   .init       
     Lock_Interrupt                            5506       B      11       1   .init       
     Sclk_Interrupt                            5511       B      11       1   .init       
     _EntryPoint                               551C      31      49       3   .init       
- VARIABLES:
     CCR_reg                                   13C5       1       1      11   .common     
MODULE:                 -- PTSL.c.o --
- PROCEDURES:
     PTSL_GetMsk                               CA61       D      13       1   PTSL_CODE   
     PTSL_PutBit                               CA6E      1E      30       2   PTSL_CODE   
- VARIABLES:
     PTSL_Table                                D277       2       2       1   PTSL_CONST  
MODULE:                 -- AS1.c.o --
- PROCEDURES:
     AS1_Interrupt                             6146      5C      92       1   NON_BANKED  
     AS1_RecvChar                              CA8C      38      56       1   AS1_CODE    
     AS1_SendChar                              CAC4      28      40       3   AS1_CODE    
     AS1_Init                                  CAEC      18      24       1   AS1_CODE    
- VARIABLES:
     SerFlag                                   109A       1       1      11   AS1_DATA    
     BufferRead                                109B       1       1       2   AS1_DATA    
MODULE:                 -- FLASH1.c.o --
- PROCEDURES:
     FLASH1_Init                               6596      12      18       1   .text       
- VARIABLES:
MODULE:                 -- TI1.c.o --
- PROCEDURES:
     TI1_Interrupt                             61A2      23      35       1   NON_BANKED  
     TI1_SetPeriodMode                         CB04      14      20       2   TI1_CODE    
     TI1_Init                                  CB18       9       9       1   TI1_CODE    
- VARIABLES:
     HighComp                                  5560       4       4       1   .rodata     
     CmpVal                                    14EB       2       2       4   TI1_DATA    
MODULE:                 -- IO_Map.c.o --
- PROCEDURES:
- VARIABLES:
     _PORTE                                       8       1       1       1   .abs_section_8
     _DDRE                                        9       1       1       1   .abs_section_9
     _PEAR                                        A       1       1       2   .abs_section_a
     _MODE                                        B       1       1       0   .abs_section_b
     _PUCR                                        C       1       1       1   .abs_section_c
     _RDRIV                                       D       1       1       1   .abs_section_d
     _EBICTL                                      E       1       1       0   .abs_section_e
     _INITRM                                     10       1       1       1   .abs_section_10
     _INITRG                                     11       1       1       0   .abs_section_11
     _MISC                                       13       1       1       1   .abs_section_13
     _ITCR                                       15       1       1       0   .abs_section_15
     _ITEST                                      16       1       1       0   .abs_section_16
     _VREGCTRL                                   19       1       1       1   .abs_section_19
     _MEMSIZ0                                    1C       1       1       0   .abs_section_1c
     _MEMSIZ1                                    1D       1       1       0   .abs_section_1d
     _INTCR                                      1E       1       1       1   .abs_section_1e
     _HPRIO                                      1F       1       1       1   .abs_section_1f
     _DBGC1                                      20       1       1       0   .abs_section_20
     _DBGSC                                      21       1       1       0   .abs_section_21
     _DBGCNT                                     24       1       1       0   .abs_section_24
     _DBGCCX                                     25       1       1       0   .abs_section_25
     _DBGC2                                      28       1       1       0   .abs_section_28
     _DBGC3                                      29       1       1       0   .abs_section_29
     _DBGCAX                                     2A       1       1       0   .abs_section_2a
     _DBGCBX                                     2D       1       1       0   .abs_section_2d
     _PPAGE                                      30       1       1       0   .abs_section_30
     _SYNR                                       34       1       1       1   .abs_section_34
     _REFDV                                      35       1       1       1   .abs_section_35
     _CRGFLG                                     37       1       1       5   .abs_section_37
     _CRGINT                                     38       1       1       1   .abs_section_38
     _CLKSEL                                     39       1       1       4   .abs_section_39
     _PLLCTL                                     3A       1       1       2   .abs_section_3a
     _RTICTL                                     3B       1       1       0   .abs_section_3b
     _COPCTL                                     3C       1       1       2   .abs_section_3c
     _ARMCOP                                     3F       1       1       2   .abs_section_3f
     _TIOS                                       40       1       1       2   .abs_section_40
     _CFORC                                      41       1       1       0   .abs_section_41
     _OC7M                                       42       1       1       1   .abs_section_42
     _OC7D                                       43       1       1       0   .abs_section_43
     _TSCR1                                      46       1       1       5   .abs_section_46
     _TTOV                                       47       1       1       2   .abs_section_47
     _TCTL1                                      48       1       1      10   .abs_section_48
     _TCTL2                                      49       1       1       4   .abs_section_49
     _TCTL3                                      4A       1       1       0   .abs_section_4a
     _TCTL4                                      4B       1       1       1   .abs_section_4b
     _TIE                                        4C       1       1       4   .abs_section_4c
     _TSCR2                                      4D       1       1       3   .abs_section_4d
     _TFLG1                                      4E       1       1       9   .abs_section_4e
     _TFLG2                                      4F       1       1       2   .abs_section_4f
     _PACTL                                      60       1       1       1   .abs_section_60
     _PAFLG                                      61       1       1       0   .abs_section_61
     _ATDSTAT0                                   86       1       1       0   .abs_section_86
     _ATDTEST1                                   89       1       1       0   .abs_section_89
     _ATDSTAT1                                   8B       1       1       0   .abs_section_8b
     _ATDDIEN                                    8D       1       1       1   .abs_section_8d
     _PORTAD0                                    8F       1       1       0   .abs_section_8f
     _SCICR1                                     CA       1       1       1   .abs_section_ca
     _SCICR2                                     CB       1       1       8   .abs_section_cb
     _SCISR1                                     CC       1       1       4   .abs_section_cc
     _SCISR2                                     CD       1       1       1   .abs_section_cd
     _SCIDRH                                     CE       1       1       0   .abs_section_ce
     _SCIDRL                                     CF       1       1       3   .abs_section_cf
     _SPICR1                                     D8       1       1       0   .abs_section_d8
     _SPICR2                                     D9       1       1       0   .abs_section_d9
     _SPIBR                                      DA       1       1       0   .abs_section_da
     _SPISR                                      DB       1       1       0   .abs_section_db
     _SPIDR                                      DD       1       1       0   .abs_section_dd
     _PWME                                       E0       1       1       0   .abs_section_e0
     _PWMPOL                                     E1       1       1       0   .abs_section_e1
     _PWMCLK                                     E2       1       1       0   .abs_section_e2
     _PWMPRCLK                                   E3       1       1       0   .abs_section_e3
     _PWMCAE                                     E4       1       1       0   .abs_section_e4
     _PWMCTL                                     E5       1       1       0   .abs_section_e5
     _PWMSCLA                                    E8       1       1       0   .abs_section_e8
     _PWMSCLB                                    E9       1       1       0   .abs_section_e9
     _PWMSDN                                     FE       1       1       0   .abs_section_fe
     _FCLKDIV                                   100       1       1       1   .abs_section_100
     _FSEC                                      101       1       1       0   .abs_section_101
     _FCNFG                                     103       1       1       1   .abs_section_103
     _FPROT                                     104       1       1       1   .abs_section_104
     _FSTAT                                     105       1       1       7   .abs_section_105
     _FCMD                                      106       1       1       2   .abs_section_106
     _PTT                                       240       1       1       5   .abs_section_240
     _PTIT                                      241       1       1       0   .abs_section_241
     _DDRT                                      242       1       1       2   .abs_section_242
     _RDRT                                      243       1       1       1   .abs_section_243
     _PERT                                      244       1       1       1   .abs_section_244
     _PPST                                      245       1       1       0   .abs_section_245
     _MODRR                                     247       1       1       1   .abs_section_247
     _PTS                                       248       1       1       4   .abs_section_248
     _PTIS                                      249       1       1       1   .abs_section_249
     _DDRS                                      24A       1       1       2   .abs_section_24a
     _RDRS                                      24B       1       1       1   .abs_section_24b
     _PERS                                      24C       1       1       0   .abs_section_24c
     _PPSS                                      24D       1       1       0   .abs_section_24d
     _WOMS                                      24E       1       1       1   .abs_section_24e
     _PTM                                       250       1       1       5   .abs_section_250
     _PTIM                                      251       1       1       0   .abs_section_251
     _DDRM                                      252       1       1       1   .abs_section_252
     _RDRM                                      253       1       1       1   .abs_section_253
     _PERM                                      254       1       1       0   .abs_section_254
     _PPSM                                      255       1       1       0   .abs_section_255
     _WOMM                                      256       1       1       1   .abs_section_256
     _PTP                                       258       1       1       9   .abs_section_258
     _PTIP                                      259       1       1       0   .abs_section_259
     _DDRP                                      25A       1       1       1   .abs_section_25a
     _RDRP                                      25B       1       1       1   .abs_section_25b
     _PERP                                      25C       1       1       1   .abs_section_25c
     _PPSP                                      25D       1       1       0   .abs_section_25d
     _PIEP                                      25E       1       1       1   .abs_section_25e
     _PIFP                                      25F       1       1       0   .abs_section_25f
     _PTJ                                       268       1       1       4   .abs_section_268
     _PTIJ                                      269       1       1       0   .abs_section_269
     _DDRJ                                      26A       1       1       1   .abs_section_26a
     _RDRJ                                      26B       1       1       1   .abs_section_26b
     _PERJ                                      26C       1       1       1   .abs_section_26c
     _PPSJ                                      26D       1       1       0   .abs_section_26d
     _PIEJ                                      26E       1       1       1   .abs_section_26e
     _PIFJ                                      26F       1       1       0   .abs_section_26f
     _PTAD                                      270       1       1      22   .abs_section_270
     _PTIAD                                     271       1       1       0   .abs_section_271
     _DDRAD                                     272       1       1       5   .abs_section_272
     _RDRAD                                     273       1       1       1   .abs_section_273
     _PERAD                                     274       1       1       1   .abs_section_274
     _PPSAD                                     275       1       1       1   .abs_section_275
     _PORTAB                                      0       2       2       7   .abs_section_0
     _DDRAB                                       2       2       2       2   .abs_section_2
     _PARTID                                     1A       2       2       0   .abs_section_1a
     _DBGTB                                      22       2       2       0   .abs_section_22
     _DBGCC                                      26       2       2       0   .abs_section_26
     _DBGCA                                      2B       2       2       0   .abs_section_2b
     _DBGCB                                      2E       2       2       0   .abs_section_2e
     _TCNT                                       44       2       2       1   .abs_section_44
     _TC0                                        50       2       2       3   .abs_section_50
     _TC1                                        52       2       2       4   .abs_section_52
     _TC2                                        54       2       2       3   .abs_section_54
     _TC3                                        56       2       2       0   .abs_section_56
     _TC4                                        58       2       2       4   .abs_section_58
     _TC5                                        5A       2       2       4   .abs_section_5a
     _TC6                                        5C       2       2       4   .abs_section_5c
     _TC7                                        5E       2       2       0   .abs_section_5e
     _PACNT                                      62       2       2       0   .abs_section_62
     _ATDCTL23                                   82       2       2       1   .abs_section_82
     _ATDCTL45                                   84       2       2       1   .abs_section_84
     _ATDDR0                                     90       2       2       1   .abs_section_90
     _ATDDR1                                     92       2       2       1   .abs_section_92
     _ATDDR2                                     94       2       2       1   .abs_section_94
     _ATDDR3                                     96       2       2       1   .abs_section_96
     _ATDDR4                                     98       2       2       1   .abs_section_98
     _ATDDR5                                     9A       2       2       1   .abs_section_9a
     _ATDDR6                                     9C       2       2       1   .abs_section_9c
     _ATDDR7                                     9E       2       2       1   .abs_section_9e
     _SCIBD                                      C8       2       2       1   .abs_section_c8
     _PWMCNT01                                   EC       2       2       0   .abs_section_ec
     _PWMCNT23                                   EE       2       2       0   .abs_section_ee
     _PWMCNT45                                   F0       2       2       0   .abs_section_f0
     _PWMPER01                                   F2       2       2       0   .abs_section_f2
     _PWMPER23                                   F4       2       2       0   .abs_section_f4
     _PWMPER45                                   F6       2       2       0   .abs_section_f6
     _PWMDTY01                                   F8       2       2       0   .abs_section_f8
     _PWMDTY23                                   FA       2       2       0   .abs_section_fa
     _PWMDTY45                                   FC       2       2       0   .abs_section_fc
MODULE:                 -- Events.c.o --
- PROCEDURES:
     PWM_OnToggle                              65A8      34      52       4   .text       
     AS1_OnRxChar                              65DC       C      12       1   .text       
     AS1_OnTxComplete                          65E8       3       3       1   .text       
- VARIABLES:
     datoSerie                                 14ED       1       1       2   ADC_DATA    
MODULE:                 -- cntr_26_07.c.o --
- PROCEDURES:
     main                                      65EB     432    1074      15   .text       
- VARIABLES:
     PRom                                      4000      94     148     248   PARAMETERS_PAGE
     ValFinal                                  1000       8       8      23   MYDATA      
     SetPoint                                  1008       8       8      17   MYDATA      
     duty_cont_ch                              1010       8       8       7   MYDATA      
     duty_alar_ch                              1018       8       8      14   MYDATA      
     Result                                    1020       8       8       3   MYDATA      
     Flag1                                     13C6       1       1       4   .common     
     PtrTmp                                    13C7       2       2      13   .common     
     Vx                                        13C9       4       4       2   .common     
     ValCont                                   13CD       2       2       3   .common     
     TA                                        13CF       4       4       4   .common     
     buffer_deriv                              13D3       4       4       2   .common     
     suminteg                                  13D7       4       4       5   .common     
     deriv                                     13DB       2       2       1   .common     
     auxiliar                                  13DD       4       4       4   .common     
     Dr                                        13E1       2       2       1   .common     
     vxalar                                    13E3       4       4      17   .common     
     dutytmp                                   13E7       2       2       2   .common     
     flagalar                                  13E9       A      10       7   .common     
     bufferSensor                              13F3       2       2       1   .common     
     DotNum                                    13F5       2       2       8   .common     
     led                                       13F7       4       4       5   .common     
     Mostrar_Proc                              13FB       1       1       4   .common     
     cap                                       13FC       2       2       1   .common     
     sensorRPM                                 13FE      12      18       6   .common     
     confRpm                                   1410       8       8       5   .common     
MODULE:                 -- TECLAS3.c.o --
- PROCEDURES:
     Switches                                  6A1D     105     261       2   .text       
     get_key                                   6B22       D      13       1   .text       
- VARIABLES:
     keys                                      5564      10      16       3   .rodata     
     ValidKey                                  104E       1       1       7   .bss        
     KeyAnt                                    104F       1       1       5   .bss        
     KeyRampa                                  1050       1       1       6   .bss        
     KeyCnt                                    1051       1       1       4   .bss        
     KeyDeb                                    1052       1       1       4   .bss        
     SwAct                                     1053       1       1       5   .bss        
     CntInt                                    1054       1       1       3   .bss        
     Anterior_F                                1055       1       1       3   .bss        
     KeyEdge                                   1418       1       1       6   .common     
     FlagCleaner                               1419       1       1       4   .common     
MODULE:                 -- Comunicacion.c.o --
- PROCEDURES:
     ConseguirDirRealDHsoft                    6B2F      6A     106       1   .text       
     ConseguirDirReal                          6B99       E      14       1   .text       
     ModBus_Recive                             6BA7     172     370       4   .text       
     ModBus_Send                               6D19      7B     123       2   .text       
     calculate_crc                             6D94      34      52       2   .text       
- VARIABLES:
     TablaDirsDHsoft                           5574      8C     140       4   .rodata     
     TablaDirs                                 5600      92     146       1   .rodata     
     crc_control                               5692     200     512       2   .rodata     
     Step                                      1056       1       1       7   .bss        
     cantidad_mensajes                         1057       1       1       6   .bss        
     StepTx                                    141A       1       1       6   .common     
     AS1_Tx                                    141B       1       1       4   .common     
     ASespera                                  141C       1       1       5   .common     
     msn                                       141D      10      16      10   .common     
     msn_out                                   142D      10      16       3   .common     
     crc                                       143D       2       2       6   .common     
     Address                                   143F       2       2      10   .common     
     Data                                      1441       2       2       5   .common     
MODULE:                 -- ADC.c.o --
- PROCEDURES:
     ADC_Interrupt                             61C5     134     308       9   NON_BANKED  
     ADC_Start                                 D294      2F      47       1   ADC_CODE    
     ADC_Stop                                  D2C3      13      19       1   ADC_CODE    
- VARIABLES:
     ModeFlg                                   14EE       1       1       5   ADC_DATA    
     VZ                                        14EF       4       4       7   ADC_DATA    
     ADfinish                                  14F3       1       1       2   ADC_DATA    
     AD_proc                                   14F4       1       1       2   ADC_DATA    
     OutFlg                                    14F5       1       1       2   ADC_DATA    
     SumChan                                   14F6       1       1       8   ADC_DATA    
     ADC_OutV                                  14F7       4       4      15   ADC_DATA    
     ADCont.1                                  14FB       2       2       3   ADC_DATA    
     vz.2                                      14FD       1       1       3   ADC_DATA    
     DIV_TA                                    D521       2       2       1   ADC_CONST   
     KDIV_AD                                   D523       2       2       2   ADC_CONST   
MODULE:                 -- display.c.o --
- PROCEDURES:
     ResetScroll                               6DC8      1C      28       7   .text       
     DpyAndSwitch                              6DE4     15A     346       5   .text       
     AsciiTo7Seg                               6F3E      6E     110       2   .text       
     PasarASCII                                6FAC      39      57       9   .text       
     Pasar_Numero                              6FE5      E7     231       5   .text       
- VARIABLES:
     Car_Ini                                   5892      4E      78       1   .rodata     
     DigInfOn                                  58E0       4       4       3   .rodata     
     DigSupOn                                  58E4       4       4       2   .rodata     
     display.2                                 1031       1       1       6   .data       
     b                                         1058       1       1       5   .bss        
     d                                         1059       1       1       6   .bss        
     Scroll                                    105A       1       1       7   .bss        
     digito.1                                  105B       1       1      13   .bss        
     c                                         1443       1       1       4   .common     
     Nletras                                   1444       2       2      11   .common     
     DigDpy                                    1446      28      40       2   .common     
     Digitos                                   146E      28      40       3   .common     
MODULE:                 -- IFsh10.c.o --
- PROCEDURES:
     WriteArray                                CDCC      73     115       1   IFsh10_CODE 
     EraseSectorInternal                       CE3F      48      72       1   IFsh10_CODE 
     BackupSector                              CE87      54      84       1   IFsh10_CODE 
     IFsh10_GrabarFlash                        CEDB      36      54       1   IFsh10_CODE 
     EscribirWord                              CF11      82     130       8   IFsh10_CODE 
- VARIABLES:
     WaitInRAMcode                             110C      13      19       2   IFsh10_DATA 
     IndiceFlash                               111F      40      64       7   IFsh10_DATA 
     BackupArray                               115F     200     512       3   IFsh10_DATA 
     PageAddr                                  135F       2       2       9   IFsh10_DATA 
MODULE:                 -- PWM.c.o --
- PROCEDURES:
     PWM_Interrupt                             62F9      5E      94       1   NON_BANKED  
     PWM4_Interrupt                            6357      60      96       1   NON_BANKED  
     PWM5_Interrupt                            63B7      60      96       1   NON_BANKED  
     PWM6_Interrupt                            6417      60      96       1   NON_BANKED  
     setPWM_period                             CB21      2E      46       8   PWM_CODE    
     PWM_SetRatio16                            CB4F     143     323      14   PWM_CODE    
     PWM_Init                                  CC92      2F      47       1   PWM_CODE    
     PutVal                                    CCC1      3E      62       1   PWM_CODE    
     Conf_Toggle                               CCFF      99     153       5   PWM_CODE    
- VARIABLES:
     PeriodsTicks                              109C      28      40       2   PWM_DATA    
     CicloLow.1                                10C4      10      16       4   PWM_DATA    
     Ciclo.2                                   10D4       4       4      11   PWM_DATA    
     Internal_Value.3                          10D8       1       1       2   PWM_DATA    
     Previous_Value.4                          10D9       1       1       2   PWM_DATA    
     Ciclo.5                                   10DA       4       4      11   PWM_DATA    
     Internal_Value.6                          10DE       1       1       2   PWM_DATA    
     Previous_Value.7                          10DF       1       1       2   PWM_DATA    
     Ciclo.8                                   10E0       4       4      11   PWM_DATA    
     Internal_Value.9                          10E4       1       1       2   PWM_DATA    
     Previous_Value.10                         10E5       1       1       2   PWM_DATA    
     Ciclo.11                                  10E6       4       4      11   PWM_DATA    
     Internal_Value.12                         10EA       1       1       2   PWM_DATA    
     Previous_Value.13                         10EB       1       1       2   PWM_DATA    
     Period                                    10EC      10      16      15   PWM_DATA    
     Duty                                      10FC      10      16      25   PWM_DATA    
MODULE:                 -- O7.c.o --
- PROCEDURES:
     O7_PutVal                                 CDBF       D      13       2   O7_CODE     
- VARIABLES:
MODULE:                 -- O2.c.o --
- PROCEDURES:
     O2_PutVal                                 CD98       D      13       2   O2_CODE     
- VARIABLES:
MODULE:                 -- O4.c.o --
- PROCEDURES:
     O4_PutVal                                 CDA5       D      13       2   O4_CODE     
- VARIABLES:
MODULE:                 -- O6.c.o --
- PROCEDURES:
     O6_PutVal                                 CDB2       D      13       2   O6_CODE     
- VARIABLES:
MODULE:                 -- Control.c.o --
- PROCEDURES:
     filtrarL                                  70CC      45      69       3   .text       
     integral                                  7111      F9     249       5   .text       
     cprop                                     720A      A5     165       3   .text       
     dtprop                                    72AF      34      52       2   .text       
     dtonoff                                   72E3      16      22       2   .text       
     derivada                                  72F9      A4     164       1   .text       
     duty_onoff                                739D      2F      47       1   .text       
     proporcional                              73CC       3       3       1   .text       
- VARIABLES:
MODULE:                 -- SelfTune.c.o --
- PROCEDURES:
     SelfTuneControl                           73CF     210     528      34   .text       
- VARIABLES:
     STRING.St.1.2                             5F7C       5       5       1   .rodata1    
     STRING.St.0.3                             5F81       5       5       1   .rodata1    
     STRING.St.2.4                             5F86       5       5       1   .rodata1    
     STRING.St.3.5                             5F8B       5       5       1   .rodata1    
     STRING.St.4.6                             5F90       5       5       1   .rodata1    
     STRING.St.5.7                             5F95       5       5       1   .rodata1    
     STRING..8                                 5F9A       1       1       1   .rodata1    
     STRING.St.E.9                             5F9B       5       5       1   .rodata1    
     dutystn.1                                 105C       2       2       4   .bss        
     St_Counter                                1361      10      16      22   IFsh10_DATA 
     St_Step                                   1371       4       4       4   IFsh10_DATA 
     prev_val                                  1375       2       2       5   IFsh10_DATA 
     St_val_max                                1377       2       2       2   IFsh10_DATA 
     St_val_min                                1379       2       2       2   IFsh10_DATA 
     St_abrt_cnt                               137B       2       2       3   IFsh10_DATA 
MODULE:                 -- cnfbox.c.o --
- PROCEDURES:
     setPulsosPorVuelta                        75DF       D      13       1   .text       
     setDecimalesRpm                           75EC      20      32       1   .text       
     setFiltro                                 760C       D      13       1   .text       
     setAjuste                                 7619       D      13       1   .text       
- VARIABLES:
     Lim_m9999                                 58E8       2       2       2   .rodata     
     Lim_m1999                                 58EA       2       2      21   .rodata     
     Lim_0                                     58EC       2       2      42   .rodata     
     Lim_1                                     58EE       2       2       1   .rodata     
     Lim_2                                     58F0       2       2       6   .rodata     
     Lim_3                                     58F2       2       2       2   .rodata     
     Lim_5                                     58F4       2       2       1   .rodata     
     Lim_6                                     58F6       2       2       3   .rodata     
     Lim_7                                     58F8       2       2       3   .rodata     
     Lim_10                                    58FA       2       2       5   .rodata     
     Lim_255                                   58FC       2       2       3   .rodata     
     Lim_600                                   58FE       2       2       3   .rodata     
     Lim_1000                                  5900       2       2       9   .rodata     
     Lim_9999                                  5902       2       2      26   .rodata     
     Lim_32767                                 5904       2       2       1   .rodata     
     Limite_sensor_Sup                         5906       2       2       2   .rodata     
     Parametros                                5908     29A     666      34   .rodata     
     R_Principal1                              5BA2       A      10       1   .rodata     
     Principal1                                5BAC       D      13      12   .rodata     
     R_C1SP                                    5BB9       6       6       1   .rodata     
     C1SP                                      5BBF       D      13       3   .rodata     
     C1POT                                     5BCC       D      13       1   .rodata     
     AL1                                       5BD9       D      13       3   .rodata     
     dCodigo                                   5BE6       9       9       1   .rodata     
     Codigo1                                   5BEF       D      13       1   .rodata     
     Sintonia                                  5BFC       C      12       2   .rodata     
     Setting                                   5C08       C      12       1   .rodata     
     Limites                                   5C14       C      12       1   .rodata     
     LimiteInferior1                           5C20       D      13       1   .rodata     
     LimiteSuperior1                           5C2D       D      13       1   .rodata     
     PotenciaInferior1                         5C3A       D      13       1   .rodata     
     PotenciaSuperior1                         5C47       D      13       1   .rodata     
     STRING.Pri..1                             5FA0       5       5       1   .rodata1    
     STRING.SP.1.2                             5FA5       5       5       1   .rodata1    
     STRING.Pot1.5                             5FAA       5       5       1   .rodata1    
     STRING.A..1.8                             5FAF       5       5       1   .rodata1    
     STRING.cod..11                            5FB4       5       5       1   .rodata1    
     STRING.tun..12                            5FB9       5       5       1   .rodata1    
     STRING.SintoniA....13                     5FBE       C      12       1   .rodata1    
     STRING.SEt..16                            5FCA       5       5       1   .rodata1    
     STRING.conFiGurAcion....17                5FCF      11      17       1   .rodata1    
     STRING.LiM..18                            5FE0       5       5       1   .rodata1    
     STRING.LiMitES....19                      5FE5       B      11       1   .rodata1    
     STRING.Li.1.20                            5FF0       5       5       1   .rodata1    
     STRING.LS.1.21                            5FF5       5       5       1   .rodata1    
     STRING.Pi.1.22                            5FFA       5       5       1   .rodata1    
     STRING.PS.1.23                            5FFF       5       5       1   .rodata1    
     Lim_Inf_ch                                137D       2       2      11   IFsh10_DATA 
     Lim_Sup_ch                                137F       2       2      12   IFsh10_DATA 
     Lim_Dec                                   1381       2       2       2   IFsh10_DATA 
MODULE:                 -- boxestun.c.o --
- PROCEDURES:
- VARIABLES:
     C1RES                                     5C54       D      13       1   .rodata     
     Periodos                                  5C61      14      20       1   .rodata     
     C1PER                                     5C75       E      14       1   .rodata     
     C1AB                                      5C83       D      13       1   .rodata     
     C1IN                                      5C90       D      13       1   .rodata     
     C1DR                                      5C9D       D      13       1   .rodata     
     Selftune                                  5CAA       4       4       1   .rodata     
     C1STN                                     5CAE       E      14       1   .rodata     
     C1ABA1                                    5CBC       D      13       1   .rodata     
     STRING.rES1.1                             6004       5       5       1   .rodata1    
     STRING..1...2                             6009       5       5       1   .rodata1    
     STRING..2...3                             600E       5       5       1   .rodata1    
     STRING..5...4                             6013       5       5       1   .rodata1    
     STRING.1....5                             6018       5       5       1   .rodata1    
     STRING.2....6                             601D       5       5       1   .rodata1    
     STRING.5....7                             6022       5       5       1   .rodata1    
     STRING.10...8                             6027       5       5       1   .rodata1    
     STRING.20...9                             602C       5       5       1   .rodata1    
     STRING.50...10                            6031       5       5       1   .rodata1    
     STRING.AnL..11                            6036       5       5       1   .rodata1    
     STRING.Pr.1.12                            603B       5       5       1   .rodata1    
     STRING.Ab.1.13                            6040       5       5       1   .rodata1    
     STRING.in.1.14                            6045       5       5       1   .rodata1    
     STRING.dr.1.15                            604A       5       5       1   .rodata1    
     STRING.oFF..16                            604F       5       5       1   .rodata1    
     STRING.Ston.17                            6054       5       5       1   .rodata1    
     STRING.St.1.18                            6059       5       5       1   .rodata1    
     STRING.AbA1.19                            605E       5       5       1   .rodata1    
MODULE:                 -- boxescal.c.o --
- PROCEDURES:
- VARIABLES:
     AAnlLow1                                  5CC9       D      13       1   .rodata     
     AAnlHi1                                   5CD6       D      13       1   .rodata     
     STRING.AnL..26                            6063       5       5       1   .rodata1    
     STRING.AnH..27                            6068       5       5       1   .rodata1    
MODULE:                 -- boxesset.c.o --
- PROCEDURES:
- VARIABLES:
     T_Salcont                                 5CE3       6       6       1   .rodata     
     C1TSC                                     5CE9       E      14       1   .rodata     
     T_Alar                                    5CF7       E      14       1   .rodata     
     C1AL1                                     5D05       E      14       1   .rodata     
     Alarmas                                   5D13       C      12       1   .rodata     
     C1TAL1                                    5D1F       E      14       1   .rodata     
     Bloqueos                                  5D2D       A      10       1   .rodata     
     Version1                                  5D37       E      14       1   .rodata     
     Id                                        5D45       D      13       1   .rodata     
     SetC                                      5D52       D      13       1   .rodata     
     Mod                                       5D5F       9       9       1   .rodata     
     ModMain                                   5D68       D      13       1   .rodata     
     STRING.drct.4                             606D       5       5       1   .rodata1    
     STRING.InV..5                             6072       5       5       1   .rodata1    
     STRING.MAn..6                             6077       5       5       1   .rodata1    
     STRING.C..1.7                             607C       5       5       1   .rodata1    
     STRING.E....8                             6081       5       5       1   .rodata1    
     STRING.d....9                             6086       5       5       1   .rodata1    
     STRING.ErEt.10                            608B       5       5       1   .rodata1    
     STRING.drEt.11                            6090       5       5       1   .rodata1    
     STRING.dblk.12                            6095       5       5       1   .rodata1    
     STRING.rEt..13                            609A       5       5       1   .rodata1    
     STRING.no...14                            609F       5       5       1   .rodata1    
     STRING.A..1.15                            60A4       5       5       1   .rodata1    
     STRING.rEL..18                            60A9       5       5       1   .rodata1    
     STRING.AbS..19                            60AE       5       5       1   .rodata1    
     STRING.rEFr.20                            60B3       5       5       1   .rodata1    
     STRING.bAn..21                            60B8       5       5       1   .rodata1    
     STRING.SG...22                            60BD       5       5       1   .rodata1    
     STRING.EoC..23                            60C2       5       5       1   .rodata1    
     STRING.AL.1.24                            60C7       5       5       1   .rodata1    
     STRING.bL1..29                            60CC       5       5       1   .rodata1    
     STRING.bL2..30                            60D1       5       5       1   .rodata1    
     STRING.bL3..31                            60D6       5       5       1   .rodata1    
     STRING.Pot..32                            60DB       5       5       1   .rodata1    
     STRING.A0411.dh101c.1Al.....33            60E0      15      21       1   .rodata1    
     STRING.VEr1.34                            60F5       5       5       1   .rodata1    
     STRING.id...35                            60FA       5       5       1   .rodata1    
     STRING.SetC.36                            60FF       5       5       1   .rodata1    
     STRING.AMod.39                            6104       5       5       1   .rodata1    
     DirPar                                    1383       2       2       4   IFsh10_DATA 
MODULE:                 -- Sensores.c.o --
- PROCEDURES:
- VARIABLES:
     J_X                                       5D75      1C      28       2   .rodata     
     J_Y                                       5D91      1C      28       2   .rodata     
     n_X                                       5DAD      12      18       1   .rodata     
     n_Y                                       5DBF      12      18       1   .rodata     
     K_X                                       5DD1      12      18       2   .rodata     
     K_Y                                       5DE3      12      18       2   .rodata     
     s_X                                       5DF5      14      20       1   .rodata     
     s_Y                                       5E09      14      20       1   .rodata     
     r_X                                       5E1D      16      22       1   .rodata     
     r_Y                                       5E33      16      22       1   .rodata     
     t_X                                       5E49      20      32       1   .rodata     
     t_Y                                       5E69      20      32       1   .rodata     
     b_X                                       5E89      16      22       1   .rodata     
     b_Y                                       5E9F      16      22       1   .rodata     
     Pt_X                                      5EB5      18      24       1   .rodata     
     Pt_Y                                      5ECD      18      24       1   .rodata     
     Lin_X                                     5EE5       6       6       4   .rodata     
     Lin_Y                                     5EEB       6       6       4   .rodata     
     milv_X                                    5EF1       6       6       1   .rodata     
     milv_Y                                    5EF7       6       6       1   .rodata     
     Sensores                                  5EFD      69     105       8   .rodata     
MODULE:                 -- Vectors.c.o --
- PROCEDURES:
- VARIABLES:
     _InterruptVectorTable                     FF80      80     128       0   .abs_section_ff80
MODULE:                 -- boxes.c.o --
- PROCEDURES:
     Escribir                                  7626      5C      92       9   .text       
     Boxes_Init                                7682       6       6       1   .text       
     TitleHandler                              7688      89     137       5   .text       
     TxtHandler                                7711      FD     253       7   .text       
     NumHandler                                780E      E8     232      23   .text       
     ABHandler                                 78F6      51      81       1   .text       
     ABAHandler                                7947      52      82       1   .text       
     CodHandler                                7999      1E      30       1   .text       
     MainHandler                               79B7     1E5     485       6   .text       
     set_MainText                              7B9C      49      73       3   .text       
     Exit                                      7BE5       9       9       3   .text       
     Salir_num                                 7BEE      38      56       4   .text       
     A_Decimales                               7C26      B5     181       1   .text       
     A_Sensor                                  7CDB      BB     187       2   .text       
     setLimitesRPM                             7D96      2C      44       1   .text       
     A_Selftun                                 7DC2      38      56       2   .text       
- VARIABLES:
     UF                                        5F66       5       5       1   .rodata     
     OF                                        5F6B       5       5       1   .rodata     
     STRING......5                             6109       5       5       1   .rodata1    
     STRING.Ct.10                              610E       3       3       1   .rodata1    
     STRING.A0411.dh101c.1Al.....11            6111      15      21       1   .rodata1    
     STRING.PotE.18                            6126       5       5       1   .rodata1    
     STRING..19                                612B       1       1       1   .rodata1    
     main_text                                 1032      19      25       6   .data       
     flagpote                                  105E       1       1       3   .bss        
     is_box_principal                          105F       1       1       4   .bss        
     save_parametros                           1060       1       1       8   .bss        
     unaVez.15                                 1061       1       1       2   .bss        
     fTimer.16                                 1062       1       1       2   .bss        
     resetScrollUnaVez.17                      1063       1       1       2   .bss        
     show_main_text                            1064       1       1       6   .bss        
     Tecla                                     1496       1       1      21   .common     
     Valor_Tmp                                 1497       2       2      35   .common     
     bufferNro                                 1499       2       2       5   .common     
     buffersDato                               149B       2       2       6   .common     
     PtrBox                                    149D       2       2      35   .common     
     save                                      149F       1       1       6   .common     
     FstTime                                   14A0       1       1      16   .common     
     Sensor_dec                                14A1       1       1       2   .common     
MODULE:                 -- System.c.o --
- PROCEDURES:
     System_init                               7DFA       3       3       1   .text       
- VARIABLES:
MODULE:                 -- Math.c.o --
- PROCEDURES:
     pow10                                     7DFD       9       9       3   .text       
- VARIABLES:
     div_dec                                   5F70       A      10       1   .rodata     
MODULE:                 -- EI2C1.c.o --
- PROCEDURES:
     Delay                                     6477       A      10      19   NON_BANKED  
     EI2C1_Init                                CF93      16      22       2   EI2C1_CODE  
     Write                                     CFA9      51      81       5   EI2C1_CODE  
     Read                                      CFFA      48      72       1   EI2C1_CODE  
     GetAck                                    D042      28      40       5   EI2C1_CODE  
     SetAck                                    D06A      41      65       1   EI2C1_CODE  
     InternalStop                              D0AB      14      20       3   EI2C1_CODE  
     EI2C1_SendChar                            D0BF      72     114       1   EI2C1_CODE  
     EI2C1_SendBlock                           D131      97     151       1   EI2C1_CODE  
     EI2C1_RecvBlock                           D1C8      99     153       1   EI2C1_CODE  
     EI2C1_SendStop                            D261      16      22       3   EI2C1_CODE  
- VARIABLES:
     SlaveAddr                                 1523       1       1       4   EI2C1_DATA  
MODULE:                 -- Inhr1.c.o --
- PROCEDURES:
     Inhr1_SetDir                              D62D       D      13      17   Inhr1_CODE  
- VARIABLES:
MODULE:                 -- Inhr2.c.o --
- PROCEDURES:
     Inhr2_SetDir                              D620       D      13      17   Inhr2_CODE  
- VARIABLES:
MODULE:                 -- boxesRPM.c.o --
- PROCEDURES:
- VARIABLES:
     STRING.rPM..1                             612C       5       5       1   .rodata1    
     STRING......2                             6131       5       5       1   .rodata1    
     STRING.PPV.3                              6136       4       4       1   .rodata1    
     STRING.dec.4                              613A       4       4       1   .rodata1    
     STRING.FiL.5                              613E       4       4       1   .rodata1    
     STRING.AJt.6                              6142       4       4       1   .rodata1    
     _RPM                                      1385       C      12       1   IFsh10_DATA 
     PulsosPorVuelta                           1391       D      13       1   IFsh10_DATA 
     DecimalesRpm                              139E       D      13       1   IFsh10_DATA 
     Filtro                                    13AB       D      13       1   IFsh10_DATA 
     AjusteRpm                                 13B8       D      13       1   IFsh10_DATA 
MODULE:                 -- HEAP.C.o (ansisf.lib) --
- PROCEDURES:
     _heapcrash_                               7E06       C      12       1   .text       
- VARIABLES:
     _heap_                                    1524      C8     200       1   HEAP_SEGMENT
MODULE:                 -- STDLIB.C.o (ansisf.lib) --
- PROCEDURES:
     abs                                       7E12       A      10       4   .text       
- VARIABLES:
MODULE:                 -- ALLOC.C.o (ansisf.lib) --
- PROCEDURES:
     malloc                                    7E1C      A5     165       6   .text       
- VARIABLES:
     heap_end                                  1065       2       2       2   .bss        
     free_ptr                                  1067       2       2       6   .bss        
MODULE:                 -- FCONV.C.o (ansisf.lib) --
- PROCEDURES:
     F_TOLONGK                                 C63E      33      51       1   RUNTIME     
     F_FRLONGK                                 C671      1F      31       2   RUNTIME     
     _FSFLOAT                                  C690      12      18       1   RUNTIME     
     _FUFLOAT                                  C6A2      12      18       3   RUNTIME     
     _FSTRUNC                                  C6B4      11      17       1   RUNTIME     
     _FUTRUNC                                  C6C5       3       3       1   RUNTIME     
- VARIABLES:
MODULE:                 -- FMUL.C.o (ansisf.lib) --
- PROCEDURES:
     F_DIVKL                                   C6C8      8E     142       1   RUNTIME     
     F_MULKL                                   C756      58      88       1   RUNTIME     
     _FMUL                                     C7AE      14      20       2   RUNTIME     
     _FDIV                                     C7C2      1E      30       3   RUNTIME     
- VARIABLES:
MODULE:                 -- FREGS.C.o (ansisf.lib) --
- PROCEDURES:
     F_PULK                                    C7E0      15      21       3   RUNTIME     
     F_PULL                                    C7F5      15      21       2   RUNTIME     
     F_PSHK                                    C80A      13      19       4   RUNTIME     
     F_CLRK                                    C81D       B      11       2   RUNTIME     
     F_MAXK                                    C828       9       9       2   RUNTIME     
     F_NORMK                                   C831      3E      62       2   RUNTIME     
- VARIABLES:
MODULE:                 -- rtshc12.c.o (ansisf.lib) --
- PROCEDURES:
[...]
 |  |  |  |     | 
 |  |  |  |     +- F_PULK               (see above)
 |  |  |  |     |  
 |  |  |  |     +- F_TOLONGK           
 |  |  |  |     |    
 |  |  |  |     +- L_PSHK              
 |  |  |  |        | 
 |  |  |  |        +- L_NEGK               (see above)
 |  |  |  |           
 |  |  |  +- filtrarL            
 |  |  |  |  | 
 |  |  |  |  +- _LMULS16x32         
 |  |  |  |  |  | 
 |  |  |  |  |  +- _LNEG               
 |  |  |  |  |       
 |  |  |  |  +- _ILSEXT              (see above)
 |  |  |  |  |  
 |  |  |  |  +- _LDIVS              
 |  |  |  |     | 
 |  |  |  |     +- _NEG_P               (see above)
 |  |  |  |     |  
 |  |  |  |     +- _lDivMod             (see above)
 |  |  |  |        
 |  |  |  +- Timer_getTime       
 |  |  |  |    
 |  |  |  +- _LMULS16x32          (see above)
 |  |  |  |  
 |  |  |  +- _LDIVU               (see above)
 |  |  |     
 |  |  +- initMethod          
 |  |  |  | 
 |  |  |  +- malloc               (see above)
 |  |  |     
 |  |  +- MethodContainer_add  (see above)
 |  |     
 |  +- Boxes_Init          
 |  |    
 |  +- EscribirWord        
 |  |  | 
 |  |  +- _ISHL               
 |  |       
 |  +- setLimitesRPM       
 |  |  | 
 |  |  +- Parametros          
 |  |  |  | 
 |  |  |  +- A_Sensor            
 |  |  |  |  | 
 |  |  |  |  +- PTSL_PutBit          (see above)
 |  |  |  |  |  
 |  |  |  |  +- Parametros           (see above)
 |  |  |  |  |  
 |  |  |  |  +- Escribir            
 |  |  |  |     | 
 |  |  |  |     +- EscribirWord         (see above)
 |  |  |  |        
 |  |  |  +- setDecimalesRpm     
 |  |  |  |  | 
 |  |  |  |  +- EscribirWord         (see above)
 |  |  |  |  |  
 |  |  |  |  +- SenRpm_setDecimales 
 |  |  |  |       
 |  |  |  +- A_Decimales         
 |  |  |  |  | 
 |  |  |  |  +- _ILSEXT              (see above)
 |  |  |  |  |  
 |  |  |  |  +- pow10                (see above)
 |  |  |  |  |  
 |  |  |  |  +- _LDIVS               (see above)
 |  |  |  |     
 |  |  |  +- A_Selftun           
 |  |  |  |    
 |  |  |  +- setFiltro           
 |  |  |  |  | 
 |  |  |  |  +- SenRpm_setFiltro    
 |  |  |  |       
 |  |  |  +- setPulsosPorVuelta  
 |  |  |  |  | 
 |  |  |  |  +- SenRpm_setPulsosPorVuelta
 |  |  |  |       
 |  |  |  +- setAjuste           
 |  |  |     | 
 |  |  |     +- SenRpm_setAjusteGanancia
 |  |  |          
 |  |  +- Escribir             (see above)
 |  |     
 |  +- PWM_SetRatio16       (see above)
 |  |  
 |  +- setPWM_period        (see above)
 |  |  
 |  +- Principal1          
 |  |  | 
 |  |  +- MainHandler         
 |  |  |  | 
 |  |  |  +- Timer_Run           
 |  |  |  |    
 |  |  |  +- ResetScroll         
 |  |  |  |  | 
 |  |  |  |  +- Timer_Run            (see above)
 |  |  |  |     
 |  |  |  +- Pasar_Numero        
 |  |  |  |  | 
 |  |  |  |  +- AsciiTo7Seg         
 |  |  |  |       
 |  |  |  +- Escribir             (see above)
 |  |  |  |  
 |  |  |  +- set_MainText        
 |  |  |  |    
 |  |  |  +- Salir_num           
 |  |  |  |  | 
 |  |  |  |  +- ResetScroll          (see above)
 |  |  |  |     
 |  |  |  +- PasarASCII          
 |  |  |     | 
 |  |  |     +- AsciiTo7Seg          (see above)
 |  |  |        
 |  |  +- Parametros           (see above)
 |  |  |  
 |  |  +- R_Principal1        
 |  |  |  | 
 |  |  |  +- C1SP                
 |  |  |  |  | 
 |  |  |  |  +- NumHandler          
 |  |  |  |  |  | 
 |  |  |  |  |  +- PasarASCII           (see above)
 |  |  |  |  |  |  
 |  |  |  |  |  +- Escribir             (see above)
 |  |  |  |  |  |  
 |  |  |  |  |  +- Salir_num            (see above)
 |  |  |  |  |  |  
 |  |  |  |  |  +- Exit                
 |  |  |  |  |  |  | 
 |  |  |  |  |  |  +- ResetScroll          (see above)
 |  |  |  |  |  |     
 |  |  |  |  |  +- Pasar_Numero         (see above)
 |  |  |  |  |     
 |  |  |  |  +- Parametros           (see above)
 |  |  |  |  |  
 |  |  |  |  +- R_C1SP              
 |  |  |  |     | 
 |  |  |  |     +- AL1                 
 |  |  |  |     |  | 
 |  |  |  |     |  +- NumHandler           (see above)
 |  |  |  |     |  |  
 |  |  |  |     |  +- Parametros           (see above)
 |  |  |  |     |  |  
 |  |  |  |     |  +- Principal1           (see above)
 |  |  |  |     |     
 |  |  |  |     +- C1POT               
 |  |  |  |        | 
 |  |  |  |        +- NumHandler           (see above)
 |  |  |  |        |  
 |  |  |  |        +- Parametros           (see above)
 |  |  |  |        |  
 |  |  |  |        +- AL1                  (see above)
 |  |  |  |           
 |  |  |  +- Sintonia            
 |  |  |     | 
 |  |  |     +- TitleHandler        
 |  |  |     |  | 
 |  |  |     |  +- PasarASCII           (see above)
 |  |  |     |  |  
 |  |  |     |  +- ResetScroll          (see above)
 |  |  |     |  |  
 |  |  |     |  +- Exit                 (see above)
 |  |  |     |     
 |  |  |     +- C1RES               
 |  |  |     |  | 
 |  |  |     |  +- NumHandler           (see above)
 |  |  |     |  |  
 |  |  |     |  +- Parametros           (see above)
 |  |  |     |  |  
 |  |  |     |  +- C1PER               
 |  |  |     |     | 
 |  |  |     |     +- TxtHandler          
 |  |  |     |     |  | 
 |  |  |     |     |  +- PasarASCII           (see above)
 |  |  |     |     |  |  
 |  |  |     |     |  +- Escribir             (see above)
 |  |  |     |     |  |  
 |  |  |     |     |  +- ResetScroll          (see above)
 |  |  |     |     |  |  
 |  |  |     |     |  +- Exit                 (see above)
 |  |  |     |     |     
 |  |  |     |     +- Parametros           (see above)
 |  |  |     |     |  
 |  |  |     |     +- C1AB                
 |  |  |     |        | 
 |  |  |     |        +- ABHandler           
 |  |  |     |        |  | 
 |  |  |     |        |  +- NumHandler           (see above)
 |  |  |     |        |  |  
 |  |  |     |        |  +- PasarASCII           (see above)
 |  |  |     |        |     
 |  |  |     |        +- Parametros           (see above)
 |  |  |     |        |  
 |  |  |     |        +- C1IN                
 |  |  |     |           | 
 |  |  |     |           +- NumHandler           (see above)
 |  |  |     |           |  
 |  |  |     |           +- Parametros           (see above)
 |  |  |     |           |  
 |  |  |     |           +- C1DR                
 |  |  |     |              | 
 |  |  |     |              +- NumHandler           (see above)
 |  |  |     |              |  
 |  |  |     |              +- Parametros           (see above)
 |  |  |     |              |  
 |  |  |     |              +- C1ABA1              
 |  |  |     |                 | 
 |  |  |     |                 +- ABAHandler          
 |  |  |     |                 |  | 
 |  |  |     |                 |  +- NumHandler           (see above)
 |  |  |     |                 |  |  
 |  |  |     |                 |  +- PasarASCII           (see above)
 |  |  |     |                 |     
 |  |  |     |                 +- Parametros           (see above)
 |  |  |     |                 |  
 |  |  |     |                 +- C1STN               
 |  |  |     |                    | 
 |  |  |     |                    +- TxtHandler           (see above)
 |  |  |     |                    |  
 |  |  |     |                    +- Parametros           (see above)
 |  |  |     |                    |  
 |  |  |     |                    +- Principal1           (see above)
 |  |  |     |                       
 |  |  |     +- _RPM                
 |  |  |        | 
 |  |  |        +- TitleHandler         (see above)
 |  |  |        |  
 |  |  |        +- PulsosPorVuelta     
 |  |  |        |  | 
 |  |  |        |  +- NumHandler           (see above)
 |  |  |        |  |  
 |  |  |        |  +- Parametros           (see above)
 |  |  |        |  |  
 |  |  |        |  +- AjusteRpm           
 |  |  |        |     | 
 |  |  |        |     +- NumHandler           (see above)
 |  |  |        |     |  
 |  |  |        |     +- Parametros           (see above)
 |  |  |        |     |  
 |  |  |        |     +- DecimalesRpm        
 |  |  |        |        | 
 |  |  |        |        +- NumHandler           (see above)
 |  |  |        |        |  
 |  |  |        |        +- Parametros           (see above)
 |  |  |        |        |  
 |  |  |        |        +- Filtro              
 |  |  |        |           | 
 |  |  |        |           +- NumHandler           (see above)
 |  |  |        |           |  
 |  |  |        |           +- Parametros           (see above)
 |  |  |        |           |  
 |  |  |        |           +- AAnlLow1            
 |  |  |        |              | 
 |  |  |        |              +- NumHandler           (see above)
 |  |  |        |              |  
 |  |  |        |              +- Parametros           (see above)
 |  |  |        |              |  
 |  |  |        |              +- AAnlHi1             
 |  |  |        |                 | 
 |  |  |        |                 +- NumHandler           (see above)
 |  |  |        |                 |  
 |  |  |        |                 +- Parametros           (see above)
 |  |  |        |                 |  
 |  |  |        |                 +- Principal1           (see above)
 |  |  |        |                    
 |  |  |        +- Setting             
 |  |  |           | 
 |  |  |           +- TitleHandler         (see above)
 |  |  |           |  
 |  |  |           +- C1TSC               
 |  |  |           |  | 
 |  |  |           |  +- TxtHandler           (see above)
 |  |  |           |  |  
 |  |  |           |  +- Parametros           (see above)
 |  |  |           |  |  
 |  |  |           |  +- C1AL1               
 |  |  |           |     | 
 |  |  |           |     +- TxtHandler           (see above)
 |  |  |           |     |  
 |  |  |           |     +- Parametros           (see above)
 |  |  |           |     |  
 |  |  |           |     +- C1TAL1              
 |  |  |           |        | 
 |  |  |           |        +- TxtHandler           (see above)
 |  |  |           |        |  
 |  |  |           |        +- Parametros           (see above)
 |  |  |           |        |  
 |  |  |           |        +- Version1            
 |  |  |           |           | 
 |  |  |           |           +- TxtHandler           (see above)
 |  |  |           |           |  
 |  |  |           |           +- Parametros           (see above)
 |  |  |           |           |  
 |  |  |           |           +- Id                  
 |  |  |           |              | 
 |  |  |           |              +- NumHandler           (see above)
 |  |  |           |              |  
 |  |  |           |              +- Parametros           (see above)
 |  |  |           |              |  
 |  |  |           |              +- SetC                
 |  |  |           |                 | 
 |  |  |           |                 +- NumHandler           (see above)
 |  |  |           |                 |  
 |  |  |           |                 +- Parametros           (see above)
 |  |  |           |                 |  
 |  |  |           |                 +- Principal1           (see above)
 |  |  |           |                 |  
 |  |  |           |                 +- ModMain             
 |  |  |           |                    | 
 |  |  |           |                    +- NumHandler           (see above)
 |  |  |           |                    |  
 |  |  |           |                    +- Principal1           (see above)
 |  |  |           |                       
 |  |  |           +- Limites             
 |  |  |              | 
 |  |  |              +- TitleHandler         (see above)
 |  |  |              |  
 |  |  |              +- LimiteInferior1     
 |  |  |              |  | 
 |  |  |              |  +- NumHandler           (see above)
 |  |  |              |  |  
 |  |  |              |  +- Parametros           (see above)
 |  |  |              |  |  
 |  |  |              |  +- LimiteSuperior1     
 |  |  |              |     | 
 |  |  |              |     +- NumHandler           (see above)
 |  |  |              |     |  
 |  |  |              |     +- Parametros           (see above)
 |  |  |              |     |  
 |  |  |              |     +- PotenciaInferior1   
 |  |  |              |        | 
 |  |  |              |        +- NumHandler           (see above)
 |  |  |              |        |  
 |  |  |              |        +- Parametros           (see above)
 |  |  |              |        |  
 |  |  |              |        +- PotenciaSuperior1   
 |  |  |              |           | 
 |  |  |              |           +- NumHandler           (see above)
 |  |  |              |           |  
 |  |  |              |           +- Parametros           (see above)
 |  |  |              |           |  
 |  |  |              |           +- Principal1           (see above)
 |  |  |              |              
 |  |  |              +- Principal1           (see above)
 |  |  |                 
 |  |  +- Codigo1             
 |  |     | 
 |  |     +- CodHandler          
 |  |     |  | 
 |  |     |  +- NumHandler           (see above)
 |  |     |  |  
 |  |     |  +- Principal1           (see above)
 |  |     |     
 |  |     +- Sintonia             (see above)
 |  |        
 |  +- ResetScroll          (see above)
 |  |  
 |  +- executeMethods      
 |  |  | 
 |  |  +- LinkedList_getPrimerNodo (see above)
 |  |  |  
 |  |  +- getDataObj           (see above)
 |  |  |  
 |  |  +- hasNext              (see above)
 |  |  |  
 |  |  +- getNext              (see above)
 |  |     
 |  +- get_key             
 |  |    
 |  +- SenRpm_getValue     
 |  |    
 |  +- integral            
 |  |  | 
 |  |  +- abs                 
 |  |  |    
 |  |  +- _LDIVS               (see above)
 |  |  |  
 |  |  +- _LCMP_P              (see above)
 |  |     
 |  +- derivada            
 |  |  | 
 |  |  +- _ILSEXT              (see above)
 |  |  |  
 |  |  +- _LDIVS               (see above)
 |  |  |  
 |  |  +- _LNEG                (see above)
 |  |  |  
 |  |  +- _LMUL               
 |  |       
 |  +- cprop               
 |  |  | 
 |  |  +- abs                  (see above)
 |  |  |  
 |  |  +- _ILSEXT              (see above)
 |  |  |  
 |  |  +- _LDIVS               (see above)
 |  |  |  
 |  |  +- _LMULS16x32          (see above)
 |  |     
 |  +- dtprop              
 |  |  | 
 |  |  +- _LDIVS               (see above)
 |  |     
 |  +- dtonoff             
 |  |    
 |  +- SelfTuneControl     
 |  |  | 
 |  |  +- proporcional        
 |  |  |    
 |  |  +- duty_onoff          
 |  |  |    
 |  |  +- PWM_SetRatio16       (see above)
 |  |  |  
 |  |  +- _ILSEXT              (see above)
 |  |  |  
 |  |  +- _LCMP                (see above)
 |  |  |  
 |  |  +- _CASE_CHECKED       
 |  |  |    
 |  |  +- setPWM_period        (see above)
 |  |  |  
 |  |  +- EscribirWord         (see above)
 |  |  |  
 |  |  +- _LDIVU               (see above)
 |  |  |  
 |  |  +- set_MainText         (see above)
 |  |     
 |  +- _CASE_CHECKED_BYTE  
 |  |    
 |  +- _ILSEXT              (see above)
 |  |  
 |  +- _LDIVS               (see above)
 |     
 +- _EntryPoint         
    | 
    +- _Startup            
       | 
       +- Init                
            
 _InterruptVectorTable
 | 
 +- Cpu_Interrupt       
 |    
 +- Sclk_Interrupt      
 |    
 +- Lock_Interrupt      
 |    
 +- ADC_Interrupt       
 |  | 
 |  +- ADC_Stop            
 |  |    
 |  +- _LDIVU               (see above)
 |  |  
 |  +- _LDIVS               (see above)
 |  |  
 |  +- ADC_Start           
 |       
 +- AS1_Interrupt       
 |  | 
 |  +- AS1_OnRxChar        
 |  |  | 
 |  |  +- AS1_RecvChar        
 |  |  |    
 |  |  +- ModBus_Recive       
 |  |     | 
 |  |     +- calculate_crc       
 |  |     |    
 |  |     +- ConseguirDirReal    
 |  |     |    
 |  |     +- ConseguirDirRealDHsoft
 |  |     |    
 |  |     +- Parametros           (see above)
 |  |     |  
 |  |     +- Escribir             (see above)
 |  |     |  
 |  |     +- EscribirWord         (see above)
 |  |     |  
 |  |     +- Timer_Run            (see above)
 |  |        
 |  +- AS1_OnTxComplete    
 |     | 
 |     +- ModBus_Send         
 |        | 
 |        +- AS1_SendChar        
 |        |    
 |        +- calculate_crc        (see above)
 |           
 +- CapPT2_IntOverflow  
 |  | 
 |  +- CapPT2_OnOverflow   
 |       
 +- PWM6_Interrupt      
 |  | 
 |  +- PWM_OnToggle        
 |  |  | 
 |  |  +- _CASE_CHECKED_BYTE   (see above)
 |  |  |  
 |  |  +- O2_PutVal           
 |  |  |    
 |  |  +- O4_PutVal           
 |  |  |    
 |  |  +- O6_PutVal           
 |  |  |    
 |  |  +- O7_PutVal           
 |  |       
 |  +- Conf_Toggle         
 |     | 
 |     +- PutVal              
 |        | 
 |        +- _CASE_CHECKED_BYTE   (see above)
 |           
 +- PWM5_Interrupt      
 |  | 
 |  +- PWM_OnToggle         (see above)
 |  |  
 |  +- Conf_Toggle          (see above)
 |     
 +- PWM4_Interrupt      
 |  | 
 |  +- PWM_OnToggle         (see above)
 |  |  
 |  +- Conf_Toggle          (see above)
 |     
 +- CapPT2_Interrupt    
 |  | 
 |  +- CapPT2_OnCapture    
 |     | 
 |     +- CapPT2_Reset        
 |     |    
 |     +- _LINC               
 |          
 +- PWM_Interrupt       
 |  | 
 |  +- PWM_OnToggle         (see above)
 |  |  
 |  +- Conf_Toggle          (see above)
 |     
 +- TI1_Interrupt       
 |  | 
 |  +- TI1ms_OnInterrupt   
 |  |  | 
 |  |  +- MainHandler          (see above)
 |  |  |  
 |  |  +- TitleHandler         (see above)
 |  |  |  
 |  |  +- TI1_SetPeriodMode   
 |  |  |    
 |  |  +- executeMethodsTimer 
 |  |  |  | 
 |  |  |  +- LinkedList_getPrimerNodo (see above)
 |  |  |  |  
 |  |  |  +- getDataObj           (see above)
 |  |  |     
 |  |  +- O2_PutVal            (see above)
 |  |  |  
 |  |  +- O4_PutVal            (see above)
 |  |  |  
 |  |  +- O6_PutVal            (see above)
 |  |  |  
 |  |  +- O7_PutVal            (see above)
 |  |  |  
 |  |  +- _CASE_CHECKED_BYTE   (see above)
 |  |  |  
 |  |  +- ModBus_Send          (see above)
 |  |  |  
 |  |  +- _LINC                (see above)
 |  |  |  
 |  |  +- DpyAndSwitch        
 |  |     | 
 |  |     +- Switches            
 |  |     |  | 
 |  |     |  +- Timer_Run            (see above)
 |  |     |     
 |  |     +- Timer_Run            (see above)
 |  |        
 |  +- TI40ms_OnInterrupt  
 |     | 
 |     +- TI1_SetPeriodMode    (see above)
 |     |  
 |     +- _CASE_CHECKED_BYTE   (see above)
 |     |  
 |     +- IFsh10_GrabarFlash  
 |     |  | 
 |     |  +- BackupSector        
 |     |  |    
 |     |  +- EraseSectorInternal 
 |     |  |    
 |     |  +- WriteArray          
 |     |       
 |     +- Principal1           (see above)
 |     |  
 |     +- Escribir             (see above)
 |     |  
 |     +- executeMethodsTimer  (see above)
 |        
 +- _EntryPointCOP      
 |  | 
 |  +- _EntryPoint          (see above)
 |     
 +- _EntryPoint          (see above)
    
*********************************************************************************************
STATISTIC SECTION
---------------------------------------------------------------------------------------------

ExeFile:
--------
Number of blocks to be downloaded: 28
Total size of all blocks to be downloaded: 16987

