Units and locations in library 'D:\PRINTER\Librerias\OOC\ooc\lib_comp_cpp\ooc_comp_cpp_si.lib'
Unit name                                                                                        size     from       to
D:\PRINTER\Librerias\OOC\ooc\ooc_hcs12_comp_cpp_Data\C_Ms_no_float\ObjectCode\Object.c.o        23621      121    23742
D:\PRINTER\Librerias\OOC\ooc\ooc_hcs12_comp_cpp_Data\C_Ms_no_float\ObjectCode\OutStream.c.o     13101    23742    36843

EXPORTED OBJECTS
Class                            O   (D:\PRINTER\Librerias\OOC\ooc\ooc_hcs12_comp_cpp_Data\C_Ms_no_float\ObjectCode\Object.c.o)
Class                            I   (D:\PRINTER\Librerias\OOC\ooc\ooc_hcs12_comp_cpp_Data\C_Ms_no_float\ObjectCode\OutStream.c.o)
Object                           O   (D:\PRINTER\Librerias\OOC\ooc\ooc_hcs12_comp_cpp_Data\C_Ms_no_float\ObjectCode\Object.c.o)
Object                           I   (D:\PRINTER\Librerias\OOC\ooc\ooc_hcs12_comp_cpp_Data\C_Ms_no_float\ObjectCode\OutStream.c.o)
Object_ctor__FPvPPSc             F   (D:\PRINTER\Librerias\OOC\ooc\ooc_hcs12_comp_cpp_Data\C_Ms_no_float\ObjectCode\Object.c.o)
Object_ctor__FPvPPSc             I   (D:\PRINTER\Librerias\OOC\ooc\ooc_hcs12_comp_cpp_Data\C_Ms_no_float\ObjectCode\OutStream.c.o)
Object_differ__FPCvT0            F   (D:\PRINTER\Librerias\OOC\ooc\ooc_hcs12_comp_cpp_Data\C_Ms_no_float\ObjectCode\Object.c.o)
Object_differ__FPCvT0            I   (D:\PRINTER\Librerias\OOC\ooc\ooc_hcs12_comp_cpp_Data\C_Ms_no_float\ObjectCode\OutStream.c.o)
Object_dtor__FPv                 F   (D:\PRINTER\Librerias\OOC\ooc\ooc_hcs12_comp_cpp_Data\C_Ms_no_float\ObjectCode\Object.c.o)
Object_dtor__FPv                 I   (D:\PRINTER\Librerias\OOC\ooc\ooc_hcs12_comp_cpp_Data\C_Ms_no_float\ObjectCode\OutStream.c.o)
Object_puto__FPCvP9OutStream     F   (D:\PRINTER\Librerias\OOC\ooc\ooc_hcs12_comp_cpp_Data\C_Ms_no_float\ObjectCode\Object.c.o)
Object_puto__FPCvP9OutStream     I   (D:\PRINTER\Librerias\OOC\ooc\ooc_hcs12_comp_cpp_Data\C_Ms_no_float\ObjectCode\OutStream.c.o)
OutStream                        O   (D:\PRINTER\Librerias\OOC\ooc\ooc_hcs12_comp_cpp_Data\C_Ms_no_float\ObjectCode\OutStream.c.o)
OutputStreamClass                O   (D:\PRINTER\Librerias\OOC\ooc\ooc_hcs12_comp_cpp_Data\C_Ms_no_float\ObjectCode\OutStream.c.o)
OutputStream_close__FPv          F   (D:\PRINTER\Librerias\OOC\ooc\ooc_hcs12_comp_cpp_Data\C_Ms_no_float\ObjectCode\OutStream.c.o)
OutputStream_flush__FPv          F   (D:\PRINTER\Librerias\OOC\ooc\ooc_hcs12_comp_cpp_Data\C_Ms_no_float\ObjectCode\OutStream.c.o)
OutputStream_writeByte__FPvUc    F   (D:\PRINTER\Librerias\OOC\ooc\ooc_hcs12_comp_cpp_Data\C_Ms_no_float\ObjectCode\OutStream.c.o)
OutputStream_write__FPvPCSc      F   (D:\PRINTER\Librerias\OOC\ooc\ooc_hcs12_comp_cpp_Data\C_Ms_no_float\ObjectCode\OutStream.c.o)
_assert                          I   (D:\PRINTER\Librerias\OOC\ooc\ooc_hcs12_comp_cpp_Data\C_Ms_no_float\ObjectCode\Object.c.o)
_assert                          I   (D:\PRINTER\Librerias\OOC\ooc\ooc_hcs12_comp_cpp_Data\C_Ms_no_float\ObjectCode\OutStream.c.o)
_delete__FPv                     F   (D:\PRINTER\Librerias\OOC\ooc\ooc_hcs12_comp_cpp_Data\C_Ms_no_float\ObjectCode\Object.c.o)
_new__FPCve                      F   (D:\PRINTER\Librerias\OOC\ooc\ooc_hcs12_comp_cpp_Data\C_Ms_no_float\ObjectCode\Object.c.o)
channels                         I   (D:\PRINTER\Librerias\OOC\ooc\ooc_hcs12_comp_cpp_Data\C_Ms_no_float\ObjectCode\Object.c.o)
classOf__FPCv                    F   (D:\PRINTER\Librerias\OOC\ooc\ooc_hcs12_comp_cpp_Data\C_Ms_no_float\ObjectCode\Object.c.o)
classOf__FPCv                    I   (D:\PRINTER\Librerias\OOC\ooc\ooc_hcs12_comp_cpp_Data\C_Ms_no_float\ObjectCode\OutStream.c.o)
close__FPv                       F   (D:\PRINTER\Librerias\OOC\ooc\ooc_hcs12_comp_cpp_Data\C_Ms_no_float\ObjectCode\OutStream.c.o)
ctor__FPvPPSc                    F   (D:\PRINTER\Librerias\OOC\ooc\ooc_hcs12_comp_cpp_Data\C_Ms_no_float\ObjectCode\Object.c.o)
deleteAlloced__FPv               F   (D:\PRINTER\Librerias\OOC\ooc\ooc_hcs12_comp_cpp_Data\C_Ms_no_float\ObjectCode\Object.c.o)
deleteAndNil__FPPv               F   (D:\PRINTER\Librerias\OOC\ooc\ooc_hcs12_comp_cpp_Data\C_Ms_no_float\ObjectCode\Object.c.o)
differ__FPCvT0                   F   (D:\PRINTER\Librerias\OOC\ooc\ooc_hcs12_comp_cpp_Data\C_Ms_no_float\ObjectCode\Object.c.o)
dtor__FPv                        F   (D:\PRINTER\Librerias\OOC\ooc\ooc_hcs12_comp_cpp_Data\C_Ms_no_float\ObjectCode\Object.c.o)
flush__FPv                       F   (D:\PRINTER\Librerias\OOC\ooc\ooc_hcs12_comp_cpp_Data\C_Ms_no_float\ObjectCode\OutStream.c.o)
fprintf                          I   (D:\PRINTER\Librerias\OOC\ooc\ooc_hcs12_comp_cpp_Data\C_Ms_no_float\ObjectCode\Object.c.o)
free                             I   (D:\PRINTER\Librerias\OOC\ooc\ooc_hcs12_comp_cpp_Data\C_Ms_no_float\ObjectCode\Object.c.o)
instanceOf__FPCvPC5Class         F   (D:\PRINTER\Librerias\OOC\ooc\ooc_hcs12_comp_cpp_Data\C_Ms_no_float\ObjectCode\Object.c.o)
malloc                           I   (D:\PRINTER\Librerias\OOC\ooc\ooc_hcs12_comp_cpp_Data\C_Ms_no_float\ObjectCode\Object.c.o)
memcpy                           I   (D:\PRINTER\Librerias\OOC\ooc\ooc_hcs12_comp_cpp_Data\C_Ms_no_float\ObjectCode\Object.c.o)
newAlloced__FPvPCve              F   (D:\PRINTER\Librerias\OOC\ooc\ooc_hcs12_comp_cpp_Data\C_Ms_no_float\ObjectCode\Object.c.o)
printf                           I   (D:\PRINTER\Librerias\OOC\ooc\ooc_hcs12_comp_cpp_Data\C_Ms_no_float\ObjectCode\OutStream.c.o)
puto__FPCvP9OutStream            F   (D:\PRINTER\Librerias\OOC\ooc\ooc_hcs12_comp_cpp_Data\C_Ms_no_float\ObjectCode\Object.c.o)
sizeOf__FPCv                     F   (D:\PRINTER\Librerias\OOC\ooc\ooc_hcs12_comp_cpp_Data\C_Ms_no_float\ObjectCode\Object.c.o)
sprintf                          I   (D:\PRINTER\Librerias\OOC\ooc\ooc_hcs12_comp_cpp_Data\C_Ms_no_float\ObjectCode\Object.c.o)
super__FPCv                      F   (D:\PRINTER\Librerias\OOC\ooc\ooc_hcs12_comp_cpp_Data\C_Ms_no_float\ObjectCode\Object.c.o)
super_ctor__FPCvPvPPSc           F   (D:\PRINTER\Librerias\OOC\ooc\ooc_hcs12_comp_cpp_Data\C_Ms_no_float\ObjectCode\Object.c.o)
super_differ__FPCvN20            F   (D:\PRINTER\Librerias\OOC\ooc\ooc_hcs12_comp_cpp_Data\C_Ms_no_float\ObjectCode\Object.c.o)
super_dtor__FPCvPv               F   (D:\PRINTER\Librerias\OOC\ooc\ooc_hcs12_comp_cpp_Data\C_Ms_no_float\ObjectCode\Object.c.o)
super_puto__FPCvT0P9OutStream    F   (D:\PRINTER\Librerias\OOC\ooc\ooc_hcs12_comp_cpp_Data\C_Ms_no_float\ObjectCode\Object.c.o)
writeByte__FPvUc                 F   (D:\PRINTER\Librerias\OOC\ooc\ooc_hcs12_comp_cpp_Data\C_Ms_no_float\ObjectCode\OutStream.c.o)
write__FPvPCSc                   I   (D:\PRINTER\Librerias\OOC\ooc\ooc_hcs12_comp_cpp_Data\C_Ms_no_float\ObjectCode\Object.c.o)
write__FPvPCSc                   F   (D:\PRINTER\Librerias\OOC\ooc\ooc_hcs12_comp_cpp_Data\C_Ms_no_float\ObjectCode\OutStream.c.o)
