
PROGRAM "D:\equipos_produccion_14_10_09\VersionCompleta7e2(Limite sup)\bin\P&E_ICD.abs"

*********************************************************************************************
TARGET SECTION
---------------------------------------------------------------------------------------------
Processor   : Freescale HC12
Memory Model: SMALL
File Format : ELF\DWARF 2.0
Linker      : SmartLinker V-5.0.36 Build 9056, Feb 26 2009

*********************************************************************************************
FILE SECTION
---------------------------------------------------------------------------------------------
datapage.c.o                            Model: SMALL,         Lang: C++
Start12.c.o                             Model: SMALL,         Lang: C++
Cpu.c.o                                 Model: SMALL,         Lang: C++
PTSL.c.o                                Model: SMALL,         Lang: C++
AS1.c.o                                 Model: SMALL,         Lang: C++
ADC1.c.o                                Model: SMALL,         Lang: C++
FLASH1.c.o                              Model: SMALL,         Lang: C++
TI1.c.o                                 Model: SMALL,         Lang: C++
IO_Map.c.o                              Model: SMALL,         Lang: C++
Events.c.o                              Model: SMALL,         Lang: C++
cntr_26_07.c.o                          Model: SMALL,         Lang: C++
TECLAS3.c.o                             Model: SMALL,         Lang: C++
Comunicacion.c.o                        Model: SMALL,         Lang: C++
ADC.c.o                                 Model: SMALL,         Lang: C++
display.c.o                             Model: SMALL,         Lang: C++
IFsh10.c.o                              Model: SMALL,         Lang: C++
PWM.c.o                                 Model: SMALL,         Lang: C++
O7.c.o                                  Model: SMALL,         Lang: C++
O2.c.o                                  Model: SMALL,         Lang: C++
O4.c.o                                  Model: SMALL,         Lang: C++
O6.c.o                                  Model: SMALL,         Lang: C++
Control.c.o                             Model: SMALL,         Lang: C++
SelfTune.c.o                            Model: SMALL,         Lang: C++
cnfbox.c.o                              Model: SMALL,         Lang: C++
boxestun.c.o                            Model: SMALL,         Lang: C++
boxescal.c.o                            Model: SMALL,         Lang: C++
boxesset.c.o                            Model: SMALL,         Lang: C++
Sensores.c.o                            Model: SMALL,         Lang: C++
Vectors.c.o                             Model: SMALL,         Lang: C++
boxes.c.o                               Model: SMALL,         Lang: C++
System.c.o                              Model: SMALL,         Lang: C++
Math.c.o                                Model: SMALL,         Lang: C++
TimerOld.c.o                            Model: SMALL,         Lang: C++
IBaseTiempo.c.o                         Model: SMALL,         Lang: C++
NEW.CPP.o (cppsi.lib)                   Model: SMALL,         Lang: C++
D:\PRINTER\Librerias\OOC\util\util_hcs12_cpp_Data\P&E_Multilink_CyclonePro\ObjectCode\LinkedList.cpp.o (util_hcs12_cpp.lib)Model: SMALL,         Lang: C++
D:\PRINTER\Librerias\OOC\util\util_hcs12_cpp_Data\P&E_Multilink_CyclonePro\ObjectCode\nodo.cpp.o (util_hcs12_cpp.lib)Model: SMALL,         Lang: C++
D:\PRINTER\Librerias\OOC\ooc\ooc_hcs12_comp_cpp_Data\C_Ms_no_float\ObjectCode\Object.c.o (util_hcs12_cpp.lib)Model: SMALL,         Lang: C++
D:\PRINTER\Librerias\OOC\ooc\ooc_hcs12_comp_cpp_Data\C_Ms_no_float\ObjectCode\OutputStream.c.o (util_hcs12_cpp.lib)Model: SMALL,         Lang: C++
D:\Jony\HCS12\Librerias\OOC\lang\reflect\reflect_Data\C_Ms_no_float\ObjectCode\Method.c.o (reflect_si.lib)Model: SMALL,         Lang: ANSI-C
MethodContainer.cpp.o                   Model: SMALL,         Lang: C++
D:\PRINTER\Librerias\OOC\ooc\ooc_hcs12_comp_cpp_Data\C_Ms_no_float\ObjectCode\Object.c.o (ooc_comp_cpp_si.lib)Model: SMALL,         Lang: C++
BaseTiempoDS1307.c.o                    Model: SMALL,         Lang: C++
EI2C1.c.o                               Model: SMALL,         Lang: C++
Inhr1.c.o                               Model: SMALL,         Lang: C++
Inhr2.c.o                               Model: SMALL,         Lang: C++
CapPT2.c.o                              Model: SMALL,         Lang: C++
ASSERT.C.o (ansisi.lib)                 Model: SMALL,         Lang: ANSI-C
EMBEDDED.C.o (ansisi.lib)               Model: SMALL,         Lang: ANSI-C
HEAP.C.o (ansisi.lib)                   Model: SMALL,         Lang: ANSI-C
PRINTF.C.o (ansisi.lib)                 Model: SMALL,         Lang: ANSI-C
STDLIB.C.o (ansisi.lib)                 Model: SMALL,         Lang: ANSI-C
ALLOC.C.o (ansisi.lib)                  Model: SMALL,         Lang: ANSI-C
rtshc12.c.o (ansisi.lib)                Model: SMALL,         Lang: ANSI-C

*********************************************************************************************
STARTUP SECTION
---------------------------------------------------------------------------------------------
Entry point: 0x551C (_EntryPoint)
_startupData is allocated at 0x5553 and uses 19 Bytes
extern struct _tagStartup {
  unsigned flags          0
  _PFunc   main           0x68C8    (main)
  long     stackOffset    0x15C2
  unsigned nofZeroOut     2
  _Range   pZeroOut       0x1000     40
                          0x1031     1298
  _Copy    *toCopyDownBeg 0xDF46
  int      nofInitBodies  1
  _Cpp     *initBodies    0x556E
  int      nofFiniBodies  0
  _Cpp     *finiBodies    0x5570
} _startupData;

*********************************************************************************************
SECTION-ALLOCATION SECTION
Section Name                    Size  Type     From       To       Segment
---------------------------------------------------------------------------------------------
.data                             26   R/W     0x1031     0x104A   RAM_1200
MYDATA                            40   R/W     0x1000     0x1027   RAM_1000
PARAMETERS_PAGE                  144     R     0x4000     0x408F   ROM_4000
.init                             83     R     0x5500     0x5552   ROM_6000
.startData                        29     R     0x5553     0x556F   ROM_6000
.rodata                         2961     R     0x5570     0x6100   ROM_6000
.rodata1                         722     R     0x6101     0x63D2   ROM_6000
NON_BANKED                       842     R     0x63D3     0x671C   ROM_6000
.text                           6300     R     0x671D     0x7FB8   ROM_6000
.copy                            122     R     0xDF46     0xDFBF   ROM_C000
.abs_section_8                     1   N/I        0x8        0x8   .absSeg0
.abs_section_9                     1   N/I        0x9        0x9   .absSeg1
.abs_section_a                     1   N/I        0xA        0xA   .absSeg2
.abs_section_b                     1   N/I        0xB        0xB   .absSeg3
.abs_section_c                     1   N/I        0xC        0xC   .absSeg4
.abs_section_d                     1   N/I        0xD        0xD   .absSeg5
.abs_section_e                     1   N/I        0xE        0xE   .absSeg6
.abs_section_10                    1   N/I       0x10       0x10   .absSeg7
.abs_section_11                    1   N/I       0x11       0x11   .absSeg8
.abs_section_13                    1   N/I       0x13       0x13   .absSeg9
.abs_section_15                    1   N/I       0x15       0x15   .absSeg10
.abs_section_16                    1   N/I       0x16       0x16   .absSeg11
.abs_section_19                    1   N/I       0x19       0x19   .absSeg12
.abs_section_1c                    1   N/I       0x1C       0x1C   .absSeg13
.abs_section_1d                    1   N/I       0x1D       0x1D   .absSeg14
.abs_section_1e                    1   N/I       0x1E       0x1E   .absSeg15
.abs_section_1f                    1   N/I       0x1F       0x1F   .absSeg16
.abs_section_20                    1   N/I       0x20       0x20   .absSeg17
.abs_section_21                    1   N/I       0x21       0x21   .absSeg18
.abs_section_24                    1   N/I       0x24       0x24   .absSeg19
.abs_section_25                    1   N/I       0x25       0x25   .absSeg20
.abs_section_28                    1   N/I       0x28       0x28   .absSeg21
.abs_section_29                    1   N/I       0x29       0x29   .absSeg22
.abs_section_2a                    1   N/I       0x2A       0x2A   .absSeg23
.abs_section_2d                    1   N/I       0x2D       0x2D   .absSeg24
.abs_section_30                    1   N/I       0x30       0x30   .absSeg25
.abs_section_34                    1   N/I       0x34       0x34   .absSeg26
.abs_section_35                    1   N/I       0x35       0x35   .absSeg27
.abs_section_37                    1   N/I       0x37       0x37   .absSeg28
.abs_section_38                    1   N/I       0x38       0x38   .absSeg29
.abs_section_39                    1   N/I       0x39       0x39   .absSeg30
.abs_section_3a                    1   N/I       0x3A       0x3A   .absSeg31
.abs_section_3b                    1   N/I       0x3B       0x3B   .absSeg32
.abs_section_3c                    1   N/I       0x3C       0x3C   .absSeg33
.abs_section_3f                    1   N/I       0x3F       0x3F   .absSeg34
.abs_section_40                    1   N/I       0x40       0x40   .absSeg35
.abs_section_41                    1   N/I       0x41       0x41   .absSeg36
.abs_section_42                    1   N/I       0x42       0x42   .absSeg37
.abs_section_43                    1   N/I       0x43       0x43   .absSeg38
.abs_section_46                    1   N/I       0x46       0x46   .absSeg39
.abs_section_47                    1   N/I       0x47       0x47   .absSeg40
.abs_section_48                    1   N/I       0x48       0x48   .absSeg41
.abs_section_49                    1   N/I       0x49       0x49   .absSeg42
.abs_section_4a                    1   N/I       0x4A       0x4A   .absSeg43
.abs_section_4b                    1   N/I       0x4B       0x4B   .absSeg44
.abs_section_4c                    1   N/I       0x4C       0x4C   .absSeg45
.abs_section_4d                    1   N/I       0x4D       0x4D   .absSeg46
.abs_section_4e                    1   N/I       0x4E       0x4E   .absSeg47
.abs_section_4f                    1   N/I       0x4F       0x4F   .absSeg48
.abs_section_60                    1   N/I       0x60       0x60   .absSeg49
.abs_section_61                    1   N/I       0x61       0x61   .absSeg50
.abs_section_86                    1   N/I       0x86       0x86   .absSeg51
.abs_section_89                    1   N/I       0x89       0x89   .absSeg52
.abs_section_8b                    1   N/I       0x8B       0x8B   .absSeg53
.abs_section_8d                    1   N/I       0x8D       0x8D   .absSeg54
.abs_section_8f                    1   N/I       0x8F       0x8F   .absSeg55
.abs_section_ca                    1   N/I       0xCA       0xCA   .absSeg56
.abs_section_cb                    1   N/I       0xCB       0xCB   .absSeg57
.abs_section_cc                    1   N/I       0xCC       0xCC   .absSeg58
.abs_section_cd                    1   N/I       0xCD       0xCD   .absSeg59
.abs_section_ce                    1   N/I       0xCE       0xCE   .absSeg60
.abs_section_cf                    1   N/I       0xCF       0xCF   .absSeg61
.abs_section_d8                    1   N/I       0xD8       0xD8   .absSeg62
.abs_section_d9                    1   N/I       0xD9       0xD9   .absSeg63
.abs_section_da                    1   N/I       0xDA       0xDA   .absSeg64
.abs_section_db                    1   N/I       0xDB       0xDB   .absSeg65
.abs_section_dd                    1   N/I       0xDD       0xDD   .absSeg66
.abs_section_e0                    1   N/I       0xE0       0xE0   .absSeg67
.abs_section_e1                    1   N/I       0xE1       0xE1   .absSeg68
.abs_section_e2                    1   N/I       0xE2       0xE2   .absSeg69
.abs_section_e3                    1   N/I       0xE3       0xE3   .absSeg70
.abs_section_e4                    1   N/I       0xE4       0xE4   .absSeg71
.abs_section_e5                    1   N/I       0xE5       0xE5   .absSeg72
.abs_section_e8                    1   N/I       0xE8       0xE8   .absSeg73
.abs_section_e9                    1   N/I       0xE9       0xE9   .absSeg74
.abs_section_fe                    1   N/I       0xFE       0xFE   .absSeg75
.abs_section_100                   1   N/I      0x100      0x100   .absSeg76
.abs_section_101                   1   N/I      0x101      0x101   .absSeg77
.abs_section_103                   1   N/I      0x103      0x103   .absSeg78
.abs_section_104                   1   N/I      0x104      0x104   .absSeg79
.abs_section_105                   1   N/I      0x105      0x105   .absSeg80
.abs_section_106                   1   N/I      0x106      0x106   .absSeg81
.abs_section_240                   1   N/I      0x240      0x240   .absSeg82
.abs_section_241                   1   N/I      0x241      0x241   .absSeg83
.abs_section_242                   1   N/I      0x242      0x242   .absSeg84
.abs_section_243                   1   N/I      0x243      0x243   .absSeg85
.abs_section_244                   1   N/I      0x244      0x244   .absSeg86
.abs_section_245                   1   N/I      0x245      0x245   .absSeg87
.abs_section_247                   1   N/I      0x247      0x247   .absSeg88
.abs_section_248                   1   N/I      0x248      0x248   .absSeg89
.abs_section_249                   1   N/I      0x249      0x249   .absSeg90
.abs_section_24a                   1   N/I      0x24A      0x24A   .absSeg91
.abs_section_24b                   1   N/I      0x24B      0x24B   .absSeg92
.abs_section_24c                   1   N/I      0x24C      0x24C   .absSeg93
.abs_section_24d                   1   N/I      0x24D      0x24D   .absSeg94
.abs_section_24e                   1   N/I      0x24E      0x24E   .absSeg95
.abs_section_250                   1   N/I      0x250      0x250   .absSeg96
.abs_section_251                   1   N/I      0x251      0x251   .absSeg97
.abs_section_252                   1   N/I      0x252      0x252   .absSeg98
.abs_section_253                   1   N/I      0x253      0x253   .absSeg99
.abs_section_254                   1   N/I      0x254      0x254   .absSeg100
.abs_section_255                   1   N/I      0x255      0x255   .absSeg101
.abs_section_256                   1   N/I      0x256      0x256   .absSeg102
.abs_section_258                   1   N/I      0x258      0x258   .absSeg103
.abs_section_259                   1   N/I      0x259      0x259   .absSeg104
.abs_section_25a                   1   N/I      0x25A      0x25A   .absSeg105
.abs_section_25b                   1   N/I      0x25B      0x25B   .absSeg106
.abs_section_25c                   1   N/I      0x25C      0x25C   .absSeg107
.abs_section_25d                   1   N/I      0x25D      0x25D   .absSeg108
.abs_section_25e                   1   N/I      0x25E      0x25E   .absSeg109
.abs_section_25f                   1   N/I      0x25F      0x25F   .absSeg110
.abs_section_268                   1   N/I      0x268      0x268   .absSeg111
.abs_section_269                   1   N/I      0x269      0x269   .absSeg112
.abs_section_26a                   1   N/I      0x26A      0x26A   .absSeg113
.abs_section_26b                   1   N/I      0x26B      0x26B   .absSeg114
.abs_section_26c                   1   N/I      0x26C      0x26C   .absSeg115
.abs_section_26d                   1   N/I      0x26D      0x26D   .absSeg116
.abs_section_26e                   1   N/I      0x26E      0x26E   .absSeg117
.abs_section_26f                   1   N/I      0x26F      0x26F   .absSeg118
.abs_section_270                   1   N/I      0x270      0x270   .absSeg119
.abs_section_271                   1   N/I      0x271      0x271   .absSeg120
.abs_section_272                   1   N/I      0x272      0x272   .absSeg121
.abs_section_273                   1   N/I      0x273      0x273   .absSeg122
.abs_section_274                   1   N/I      0x274      0x274   .absSeg123
.abs_section_275                   1   N/I      0x275      0x275   .absSeg124
.abs_section_0                     2   N/I        0x0        0x1   .absSeg125
.abs_section_2                     2   N/I        0x2        0x3   .absSeg126
.abs_section_1a                    2   N/I       0x1A       0x1B   .absSeg127
.abs_section_22                    2   N/I       0x22       0x23   .absSeg128
.abs_section_26                    2   N/I       0x26       0x27   .absSeg129
.abs_section_2b                    2   N/I       0x2B       0x2C   .absSeg130
.abs_section_2e                    2   N/I       0x2E       0x2F   .absSeg131
.abs_section_44                    2   N/I       0x44       0x45   .absSeg132
.abs_section_50                    2   N/I       0x50       0x51   .absSeg133
.abs_section_52                    2   N/I       0x52       0x53   .absSeg134
.abs_section_54                    2   N/I       0x54       0x55   .absSeg135
.abs_section_56                    2   N/I       0x56       0x57   .absSeg136
.abs_section_58                    2   N/I       0x58       0x59   .absSeg137
.abs_section_5a                    2   N/I       0x5A       0x5B   .absSeg138
.abs_section_5c                    2   N/I       0x5C       0x5D   .absSeg139
.abs_section_5e                    2   N/I       0x5E       0x5F   .absSeg140
.abs_section_62                    2   N/I       0x62       0x63   .absSeg141
.abs_section_82                    2   N/I       0x82       0x83   .absSeg142
.abs_section_84                    2   N/I       0x84       0x85   .absSeg143
.abs_section_90                    2   N/I       0x90       0x91   .absSeg144
.abs_section_92                    2   N/I       0x92       0x93   .absSeg145
.abs_section_94                    2   N/I       0x94       0x95   .absSeg146
.abs_section_96                    2   N/I       0x96       0x97   .absSeg147
.abs_section_98                    2   N/I       0x98       0x99   .absSeg148
.abs_section_9a                    2   N/I       0x9A       0x9B   .absSeg149
.abs_section_9c                    2   N/I       0x9C       0x9D   .absSeg150
.abs_section_9e                    2   N/I       0x9E       0x9F   .absSeg151
.abs_section_c8                    2   N/I       0xC8       0xC9   .absSeg152
.abs_section_ec                    2   N/I       0xEC       0xED   .absSeg153
.abs_section_ee                    2   N/I       0xEE       0xEF   .absSeg154
.abs_section_f0                    2   N/I       0xF0       0xF1   .absSeg155
.abs_section_f2                    2   N/I       0xF2       0xF3   .absSeg156
.abs_section_f4                    2   N/I       0xF4       0xF5   .absSeg157
.abs_section_f6                    2   N/I       0xF6       0xF7   .absSeg158
.abs_section_f8                    2   N/I       0xF8       0xF9   .absSeg159
.abs_section_fa                    2   N/I       0xFA       0xFB   .absSeg160
.abs_section_fc                    2   N/I       0xFC       0xFD   .absSeg161
.abs_section_ff80                128     R     0xFF80     0xFFFF   .absSeg162
.bss                              33   R/W     0x104B     0x106B   RAM_1200
RUNTIME                          545     R     0xD21C     0xD43C   ROM_C000
PTSL_CODE                         43     R     0xD43D     0xD467   ROM_C000
AS1_DATA                           2   R/W     0x106C     0x106D   RAM_1200
AS1_CODE                         120     R     0xD468     0xD4DF   ROM_C000
TI1_CODE                          29     R     0xD4E0     0xD4FC   ROM_C000
PWM_CODE                         631     R     0xD4FD     0xD773   ROM_C000
PWM_DATA                         112   R/W     0x106E     0x10DD   RAM_1200
O2_CODE                           13     R     0xD774     0xD780   ROM_C000
O4_CODE                           13     R     0xD781     0xD78D   ROM_C000
O6_CODE                           13     R     0xD78E     0xD79A   ROM_C000
O7_CODE                           13     R     0xD79B     0xD7A7   ROM_C000
IFsh10_DATA                      633   R/W     0x10DE     0x1356   RAM_1200
IFsh10_CODE                      455     R     0xD7A8     0xD96E   ROM_C000
EI2C1_CODE                       740     R     0xD96F     0xDC52   ROM_C000
CapPT2_DATA                       11   R/W     0x1357     0x1361   RAM_1200
CapPT2_CODE                       71     R     0xDC53     0xDC99   ROM_C000
.common                          189   R/W     0x1362     0x141E   RAM_1200
PTSL_CONST                         2     R     0xDC9A     0xDC9B   ROM_C000
METHOD_CODE                       35     R     0xDC9C     0xDCBE   ROM_C000
TI1_DATA                           2   R/W     0x141F     0x1420   RAM_1200
NODO_CODE                          5     R     0xDCBF     0xDCC3   ROM_C000
GEN_FUNCS_SEGMENT                 24     R     0xDCC4     0xDCDB   ROM_C000
VIRTUAL_TABLE_SEGMENT            132     R     0xDCDC     0xDD5F   ROM_C000
LinkedList_CODE                  372     R     0xDD60     0xDED3   ROM_C000
ADC_CODE                          66     R     0xDED4     0xDF15   ROM_C000
ADC_DATA                          89   R/W     0x1421     0x1479   RAM_1200
ADC_CONST                          4     R     0xDF16     0xDF19   ROM_C000
Nodo_CODE                         18     R     0xDF1A     0xDF2B   ROM_C000
Inhr2_CODE                        13     R     0xDF2C     0xDF38   ROM_C000
Inhr1_CODE                        13     R     0xDF39     0xDF45   ROM_C000
EI2C1_DATA                         1   R/W     0x147A     0x147A   RAM_1200
HEAP_SEGMENT                     200   R/W     0x147B     0x1542   RAM_1200
.stack                           128   R/W     0x1543     0x15C2   RAM_1200
ROM_C000_163                    4636     R     0xC000     0xD21B   ROM_C000

Summary of section sizes per section type:
READ_ONLY (R):        4B89 (dec:    19337)
READ_WRITE (R/W):      5BA (dec:     1466)
NO_INIT (N/I):          C7 (dec:      199)

*********************************************************************************************
VECTOR-ALLOCATION SECTION
    Address     InitValue   InitFunction
---------------------------------------------------------------------------------------------

*********************************************************************************************
OBJECT-ALLOCATION SECTION
     Name               Module                 Addr   hSize   dSize     Ref    Section   RLIB
---------------------------------------------------------------------------------------------
MODULE:                 -- datapage.c.o --
- PROCEDURES:
     _LOAD_FAR_16                              D21C       B      11       2   RUNTIME     
- VARIABLES:
MODULE:                 -- Start12.c.o --
- PROCEDURES:
     Init__Fv                                  671D      3C      60       1   .text       
     Fini__Fv                                  6759      14      20       1   .text       
     _Startup                                  676D      12      18       1   .text       
- VARIABLES:
     _startupData                              5553      13      19       9   .startData  
- LABELS:
     __SEG_END_SSTACK                          15C3       0       0       1               
MODULE:                 -- Cpu.c.o --
- PROCEDURES:
     PE_low_level_init__Fv                     677F      D0     208       1   .text       
     Cpu_Interrupt__Fv                         5500       2       2      50   .init       
     _EntryPointCOP__Fv                        5502       4       4       1   .init       
     Lock_Interrupt__Fv                        5506       B      11       1   .init       
     Sclk_Interrupt__Fv                        5511       B      11       1   .init       
     _EntryPoint                               551C      31      49       3   .init       
- VARIABLES:
     CCR_reg                                   1362       1       1      11   .common     
MODULE:                 -- PTSL.c.o --
- PROCEDURES:
     PTSL_GetMsk__FUc                          D43D       D      13       1   PTSL_CODE   
     PTSL_PutBit__FUcT0                        D44A      1E      30       1   PTSL_CODE   
- VARIABLES:
     PTSL_Table                                DC9A       2       2       1   PTSL_CONST  
MODULE:                 -- AS1.c.o --
- PROCEDURES:
     AS1_Interrupt__Fv                         63D3      5C      92       1   NON_BANKED  
     AS1_RecvChar__FPUc                        D468      38      56       1   AS1_CODE    
     AS1_SendChar__FUc                         D4A0      28      40       3   AS1_CODE    
     AS1_Init__Fv                              D4C8      18      24       2   AS1_CODE    
- VARIABLES:
     SerFlag                                   106C       1       1      11   AS1_DATA    
     BufferRead                                106D       1       1       2   AS1_DATA    
MODULE:                 -- ADC1.c.o --
- PROCEDURES:
     ADC1_Init__Fv                             684F      17      23       1   .text       
- VARIABLES:
MODULE:                 -- FLASH1.c.o --
- PROCEDURES:
     FLASH1_Init__Fv                           6866      12      18       1   .text       
- VARIABLES:
MODULE:                 -- TI1.c.o --
- PROCEDURES:
     TI1_Interrupt__Fv                         642F      23      35       1   NON_BANKED  
     TI1_SetPeriodMode__F8TI1_mode             D4E0      14      20       2   TI1_CODE    
     TI1_Init__Fv                              D4F4       9       9       1   TI1_CODE    
- VARIABLES:
     HighComp                                  5570       4       4       1   .rodata     
     CmpVal                                    141F       2       2       4   TI1_DATA    
MODULE:                 -- IO_Map.c.o --
- PROCEDURES:
- VARIABLES:
     _PORTE                                       8       1       1       1   .abs_section_8
     _DDRE                                        9       1       1       1   .abs_section_9
     _PEAR                                        A       1       1       2   .abs_section_a
     _MODE                                        B       1       1       0   .abs_section_b
     _PUCR                                        C       1       1       1   .abs_section_c
     _RDRIV                                       D       1       1       1   .abs_section_d
     _EBICTL                                      E       1       1       0   .abs_section_e
     _INITRM                                     10       1       1       1   .abs_section_10
     _INITRG                                     11       1       1       0   .abs_section_11
     _MISC                                       13       1       1       1   .abs_section_13
     _ITCR                                       15       1       1       0   .abs_section_15
     _ITEST                                      16       1       1       0   .abs_section_16
     _VREGCTRL                                   19       1       1       1   .abs_section_19
     _MEMSIZ0                                    1C       1       1       0   .abs_section_1c
     _MEMSIZ1                                    1D       1       1       0   .abs_section_1d
     _INTCR                                      1E       1       1       1   .abs_section_1e
     _HPRIO                                      1F       1       1       2   .abs_section_1f
     _DBGC1                                      20       1       1       0   .abs_section_20
     _DBGSC                                      21       1       1       0   .abs_section_21
     _DBGCNT                                     24       1       1       0   .abs_section_24
     _DBGCCX                                     25       1       1       0   .abs_section_25
     _DBGC2                                      28       1       1       0   .abs_section_28
     _DBGC3                                      29       1       1       0   .abs_section_29
     _DBGCAX                                     2A       1       1       0   .abs_section_2a
     _DBGCBX                                     2D       1       1       0   .abs_section_2d
     _PPAGE                                      30       1       1       0   .abs_section_30
     _SYNR                                       34       1       1       1   .abs_section_34
     _REFDV                                      35       1       1       1   .abs_section_35
     _CRGFLG                                     37       1       1       5   .abs_section_37
     _CRGINT                                     38       1       1       1   .abs_section_38
     _CLKSEL                                     39       1       1       4   .abs_section_39
     _PLLCTL                                     3A       1       1       2   .abs_section_3a
     _RTICTL                                     3B       1       1       0   .abs_section_3b
     _COPCTL                                     3C       1       1       2   .abs_section_3c
     _ARMCOP                                     3F       1       1       2   .abs_section_3f
     _TIOS                                       40       1       1       1   .abs_section_40
     _CFORC                                      41       1       1       0   .abs_section_41
     _OC7M                                       42       1       1       1   .abs_section_42
     _OC7D                                       43       1       1       0   .abs_section_43
     _TSCR1                                      46       1       1       5   .abs_section_46
     _TTOV                                       47       1       1       2   .abs_section_47
     _TCTL1                                      48       1       1      10   .abs_section_48
     _TCTL2                                      49       1       1       4   .abs_section_49
     _TCTL3                                      4A       1       1       0   .abs_section_4a
     _TCTL4                                      4B       1       1       0   .abs_section_4b
     _TIE                                        4C       1       1       3   .abs_section_4c
     _TSCR2                                      4D       1       1       2   .abs_section_4d
     _TFLG1                                      4E       1       1       8   .abs_section_4e
     _TFLG2                                      4F       1       1       1   .abs_section_4f
     _PACTL                                      60       1       1       1   .abs_section_60
     _PAFLG                                      61       1       1       0   .abs_section_61
     _ATDSTAT0                                   86       1       1       0   .abs_section_86
     _ATDTEST1                                   89       1       1       1   .abs_section_89
     _ATDSTAT1                                   8B       1       1       0   .abs_section_8b
     _ATDDIEN                                    8D       1       1       2   .abs_section_8d
     _PORTAD0                                    8F       1       1       0   .abs_section_8f
     _SCICR1                                     CA       1       1       1   .abs_section_ca
     _SCICR2                                     CB       1       1       8   .abs_section_cb
     _SCISR1                                     CC       1       1       4   .abs_section_cc
     _SCISR2                                     CD       1       1       1   .abs_section_cd
     _SCIDRH                                     CE       1       1       0   .abs_section_ce
     _SCIDRL                                     CF       1       1       3   .abs_section_cf
     _SPICR1                                     D8       1       1       0   .abs_section_d8
     _SPICR2                                     D9       1       1       0   .abs_section_d9
     _SPIBR                                      DA       1       1       0   .abs_section_da
     _SPISR                                      DB       1       1       0   .abs_section_db
     _SPIDR                                      DD       1       1       0   .abs_section_dd
     _PWME                                       E0       1       1       0   .abs_section_e0
     _PWMPOL                                     E1       1       1       0   .abs_section_e1
     _PWMCLK                                     E2       1       1       0   .abs_section_e2
     _PWMPRCLK                                   E3       1       1       0   .abs_section_e3
     _PWMCAE                                     E4       1       1       0   .abs_section_e4
     _PWMCTL                                     E5       1       1       0   .abs_section_e5
     _PWMSCLA                                    E8       1       1       0   .abs_section_e8
     _PWMSCLB                                    E9       1       1       0   .abs_section_e9
     _PWMSDN                                     FE       1       1       0   .abs_section_fe
     _FCLKDIV                                   100       1       1       1   .abs_section_100
     _FSEC                                      101       1       1       0   .abs_section_101
     _FCNFG                                     103       1       1       1   .abs_section_103
     _FPROT                                     104       1       1       1   .abs_section_104
     _FSTAT                                     105       1       1       7   .abs_section_105
     _FCMD                                      106       1       1       2   .abs_section_106
     _PTT                                       240       1       1       4   .abs_section_240
     _PTIT                                      241       1       1       0   .abs_section_241
     _DDRT                                      242       1       1       1   .abs_section_242
     _RDRT                                      243       1       1       1   .abs_section_243
     _PERT                                      244       1       1       1   .abs_section_244
     _PPST                                      245       1       1       0   .abs_section_245
     _MODRR                                     247       1       1       1   .abs_section_247
     _PTS                                       248       1       1       4   .abs_section_248
     _PTIS                                      249       1       1       1   .abs_section_249
     _DDRS                                      24A       1       1       2   .abs_section_24a
     _RDRS                                      24B       1       1       1   .abs_section_24b
     _PERS                                      24C       1       1       0   .abs_section_24c
     _PPSS                                      24D       1       1       0   .abs_section_24d
     _WOMS                                      24E       1       1       1   .abs_section_24e
     _PTM                                       250       1       1       5   .abs_section_250
     _PTIM                                      251       1       1       0   .abs_section_251
     _DDRM                                      252       1       1       1   .abs_section_252
     _RDRM                                      253       1       1       1   .abs_section_253
     _PERM                                      254       1       1       0   .abs_section_254
     _PPSM                                      255       1       1       0   .abs_section_255
     _WOMM                                      256       1       1       1   .abs_section_256
     _PTP                                       258       1       1       9   .abs_section_258
     _PTIP                                      259       1       1       0   .abs_section_259
     _DDRP                                      25A       1       1       1   .abs_section_25a
     _RDRP                                      25B       1       1       1   .abs_section_25b
     _PERP                                      25C       1       1       1   .abs_section_25c
     _PPSP                                      25D       1       1       0   .abs_section_25d
     _PIEP                                      25E       1       1       1   .abs_section_25e
     _PIFP                                      25F       1       1       0   .abs_section_25f
     _PTJ                                       268       1       1       4   .abs_section_268
     _PTIJ                                      269       1       1       0   .abs_section_269
     _DDRJ                                      26A       1       1       1   .abs_section_26a
     _RDRJ                                      26B       1       1       1   .abs_section_26b
     _PERJ                                      26C       1       1       1   .abs_section_26c
     _PPSJ                                      26D       1       1       0   .abs_section_26d
     _PIEJ                                      26E       1       1       1   .abs_section_26e
     _PIFJ                                      26F       1       1       0   .abs_section_26f
     _PTAD                                      270       1       1      22   .abs_section_270
     _PTIAD                                     271       1       1       0   .abs_section_271
     _DDRAD                                     272       1       1       5   .abs_section_272
     _RDRAD                                     273       1       1       1   .abs_section_273
     _PERAD                                     274       1       1       1   .abs_section_274
     _PPSAD                                     275       1       1       1   .abs_section_275
     _PORTAB                                      0       2       2       8   .abs_section_0
     _DDRAB                                       2       2       2       2   .abs_section_2
     _PARTID                                     1A       2       2       0   .abs_section_1a
     _DBGTB                                      22       2       2       0   .abs_section_22
     _DBGCC                                      26       2       2       0   .abs_section_26
     _DBGCA                                      2B       2       2       0   .abs_section_2b
     _DBGCB                                      2E       2       2       0   .abs_section_2e
     _TCNT                                       44       2       2       1   .abs_section_44
     _TC0                                        50       2       2       3   .abs_section_50
     _TC1                                        52       2       2       4   .abs_section_52
     _TC2                                        54       2       2       0   .abs_section_54
     _TC3                                        56       2       2       0   .abs_section_56
     _TC4                                        58       2       2       4   .abs_section_58
     _TC5                                        5A       2       2       4   .abs_section_5a
     _TC6                                        5C       2       2       4   .abs_section_5c
     _TC7                                        5E       2       2       0   .abs_section_5e
     _PACNT                                      62       2       2       0   .abs_section_62
     _ATDCTL23                                   82       2       2       3   .abs_section_82
     _ATDCTL45                                   84       2       2       2   .abs_section_84
     _ATDDR0                                     90       2       2       1   .abs_section_90
     _ATDDR1                                     92       2       2       1   .abs_section_92
     _ATDDR2                                     94       2       2       1   .abs_section_94
     _ATDDR3                                     96       2       2       1   .abs_section_96
     _ATDDR4                                     98       2       2       1   .abs_section_98
     _ATDDR5                                     9A       2       2       1   .abs_section_9a
     _ATDDR6                                     9C       2       2       1   .abs_section_9c
     _ATDDR7                                     9E       2       2       1   .abs_section_9e
     _SCIBD                                      C8       2       2       1   .abs_section_c8
     _PWMCNT01                                   EC       2       2       0   .abs_section_ec
     _PWMCNT23                                   EE       2       2       0   .abs_section_ee
     _PWMCNT45                                   F0       2       2       0   .abs_section_f0
     _PWMPER01                                   F2       2       2       0   .abs_section_f2
     _PWMPER23                                   F4       2       2       0   .abs_section_f4
     _PWMPER45                                   F6       2       2       0   .abs_section_f6
     _PWMDTY01                                   F8       2       2       0   .abs_section_f8
     _PWMDTY23                                   FA       2       2       0   .abs_section_fa
     _PWMDTY45                                   FC       2       2       0   .abs_section_fc
MODULE:                 -- Events.c.o --
- PROCEDURES:
     PWM_OnToggle__FUcT0                       6878      34      52       4   .text       
     AS1_OnRxChar__Fv                          68AC       C      12       1   .text       
     AS1_OnTxComplete__Fv                      68B8       3       3       1   .text       
     __ct__10CollectionFv                      DCC4       A      10       1   GEN_FUNCS_SEGMENT
     __ct__4ListFv                             DCCE       E      14       1   GEN_FUNCS_SEGMENT
- VARIABLES:
     ____vtbl__Collection                      DCDC      1C      28       1   VIRTUAL_TABLE_SEGMENT
     ____vtbl__ListCollection                  DCF8      20      32       1   VIRTUAL_TABLE_SEGMENT
     ____vtbl__LinkedListListCollection        DD18      24      36       1   VIRTUAL_TABLE_SEGMENT
     ____vtbl__MethodContainerLinkedListListCollection       DD3C      24      36       1   VIRTUAL_TABLE_SEGMENT
     datoSerie                                 1421       1       1       2   ADC_DATA    
MODULE:                 -- cntr_26_07.c.o --
- PROCEDURES:
     __ct__14InicializacionFv.6                68BB       D      13       1   .text       
     main                                      68C8     626    1574      28   .text       
     __ConstructorInit__                       554D       6       6       0   .init       
- VARIABLES:
     div_dec                                   5574       A      10       1   .rodata     
     PRom                                      4000      90     144     257   PARAMETERS_PAGE
     ValFinal                                  1000       8       8      26   MYDATA      
     SetPoint                                  1008       8       8      17   MYDATA      
     duty_cont_ch                              1010       8       8       7   MYDATA      
     duty_alar_ch                              1018       8       8      17   MYDATA      
     Result                                    1020       8       8       5   MYDATA      
     Flag1                                     1363       1       1       4   .common     
     PtrTmp                                    1364       2       2      14   .common     
     Vx                                        1366       4       4       5   .common     
     ValCont                                   136A       2       2       3   .common     
     TA                                        136C       4       4       6   .common     
     buffer_deriv                              1370       4       4       2   .common     
     buffer_fil                                1374       4       4       1   .common     
     suminteg                                  1378       4       4       5   .common     
     deriv                                     137C       2       2       1   .common     
     auxiliar                                  137E       4       4       4   .common     
     Dr                                        1382       2       2       1   .common     
     vxalar                                    1384       4       4      17   .common     
     dutytmp                                   1388       2       2       2   .common     
     flagalar                                  138A       A      10       7   .common     
     bufferSensor                              1394       2       2       3   .common     
     DotNum                                    1396       2       2      10   .common     
     led                                       1398       4       4       5   .common     
     Mostrar_Proc                              139C       1       1       4   .common     
     ini                                       139D       1       1       1   .common     
MODULE:                 -- TECLAS3.c.o --
- PROCEDURES:
     Switches__FUc                             6EEE     105     261       2   .text       
     get_key__Fv                               6FF3       D      13       1   .text       
- VARIABLES:
     keys                                      557E      10      16       3   .rodata     
     ValidKey                                  104B       1       1       7   .bss        
     KeyAnt                                    104C       1       1       5   .bss        
     KeyRampa                                  104D       1       1       6   .bss        
     KeyCnt                                    104E       1       1       4   .bss        
     KeyDeb                                    104F       1       1       4   .bss        
     SwAct                                     1050       1       1       5   .bss        
     CntInt                                    1051       1       1       3   .bss        
     Anterior_F                                1052       1       1       3   .bss        
     KeyEdge                                   139E       1       1       6   .common     
     FlagCleaner                               139F       1       1       4   .common     
MODULE:                 -- Comunicacion.c.o --
- PROCEDURES:
     ConseguirDirRealDHsoft__FUi               7000      6A     106       1   .text       
     ConseguirDirReal__FUi                     706A       E      14       1   .text       
     ModBus_Recive__FUc                        7078     172     370       4   .text       
     ModBus_Send__Fv                           71EA      7B     123       2   .text       
     calculate_crc__FPUcUc                     7265      34      52       2   .text       
- VARIABLES:
     TablaDirsDHsoft                           558E      74     116       4   .rodata     
     TablaDirs                                 5602      92     146       1   .rodata     
     crc_control                               5694     200     512       2   .rodata     
     Step                                      1053       1       1       7   .bss        
     cantidad_mensajes                         1054       1       1       6   .bss        
     StepTx                                    13A0       1       1       6   .common     
     AS1_Tx                                    13A1       1       1       4   .common     
     ASespera                                  13A2       1       1       5   .common     
     msn                                       13A3      10      16      10   .common     
     msn_out                                   13B3      10      16       3   .common     
     crc                                       13C3       2       2       6   .common     
     Address                                   13C5       2       2      10   .common     
     Data                                      13C7       2       2       5   .common     
MODULE:                 -- ADC.c.o --
- PROCEDURES:
     ADC_Interrupt__Fv                         6452     134     308       9   NON_BANKED  
     ADC_Start__FSc                            DED4      2F      47       2   ADC_CODE    
     ADC_Stop__Fv                              DF03      13      19       1   ADC_CODE    
- VARIABLES:
     ModeFlg                                   1422       1       1       5   ADC_DATA    
     VZ                                        1423       4       4       7   ADC_DATA    
     ADfinish                                  1427       1       1       2   ADC_DATA    
     AD_proc                                   1428       1       1       3   ADC_DATA    
     OutFlg                                    1429       1       1       2   ADC_DATA    
     SumChan                                   142A       1       1       8   ADC_DATA    
     ADC_OutV                                  142B       4       4      15   ADC_DATA    
     ADCont.1                                  142F       2       2       3   ADC_DATA    
     vz.2                                      1431       1       1       3   ADC_DATA    
     DIV_TA                                    DF16       2       2       1   ADC_CONST   
     KDIV_AD                                   DF18       2       2       2   ADC_CONST   
MODULE:                 -- display.c.o --
- PROCEDURES:
     ResetScroll__Fv                           7299      1C      28       7   .text       
     DpyAndSwitch__Fv                          72B5     15A     346       5   .text       
     AsciiTo7Seg__FUcT0                        740F      6E     110       2   .text       
     PasarASCII__FPCScUc                       747D      39      57      10   .text       
     Pasar_Numero__FiUcT1                      74B6      E7     231       6   .text       
- VARIABLES:
     Car_Ini                                   5894      4E      78       1   .rodata     
     DigInfOn                                  58E2       4       4       3   .rodata     
     DigSupOn                                  58E6       4       4       2   .rodata     
     display.2                                 1031       1       1       6   .data       
     b                                         1055       1       1       5   .bss        
     d                                         1056       1       1       6   .bss        
     Scroll                                    1057       1       1       7   .bss        
     digito.1                                  1058       1       1      13   .bss        
     c                                         13C9       1       1       4   .common     
     Nletras                                   13CA       2       2      11   .common     
     DigDpy                                    13CC      20      32       2   .common     
     Digitos                                   13EC      20      32       3   .common     
MODULE:                 -- IFsh10.c.o --
- PROCEDURES:
     WriteArray__FUiN20PUi                     D7A8      73     115       1   IFsh10_CODE 
     EraseSectorInternal__FUi                  D81B      48      72       1   IFsh10_CODE 
     BackupSector__Fv                          D863      54      84       1   IFsh10_CODE 
     IFsh10_GrabarFlash__Fv                    D8B7      36      54       1   IFsh10_CODE 
     EscribirWord__FUii                        D8ED      82     130       7   IFsh10_CODE 
- VARIABLES:
     WaitInRAMcode                             10DE      13      19       2   IFsh10_DATA 
     IndiceFlash                               10F1      40      64       7   IFsh10_DATA 
     BackupArray                               1131     200     512       3   IFsh10_DATA 
     PageAddr                                  1331       2       2       9   IFsh10_DATA 
MODULE:                 -- PWM.c.o --
- PROCEDURES:
     PWM_Interrupt__Fv                         6586      5E      94       1   NON_BANKED  
     PWM4_Interrupt__Fv                        65E4      60      96       1   NON_BANKED  
     PWM5_Interrupt__Fv                        6644      60      96       1   NON_BANKED  
     PWM6_Interrupt__Fv                        66A4      60      96       1   NON_BANKED  
     setPWM_period__FiUc                       D4FD      2E      46       8   PWM_CODE    
     PWM_SetRatio16__FUiUc                     D52B     143     323      14   PWM_CODE    
     PWM_Init__Fv                              D66E      2F      47       1   PWM_CODE    
     PutVal__FUcT0                             D69D      3E      62       1   PWM_CODE    
     Conf_Toggle__FPUcUc                       D6DB      99     153       5   PWM_CODE    
- VARIABLES:
     PeriodsTicks                              106E      28      40       2   PWM_DATA    
     CicloLow.1                                1096      10      16       4   PWM_DATA    
     Ciclo.2                                   10A6       4       4      11   PWM_DATA    
     Internal_Value.3                          10AA       1       1       2   PWM_DATA    
     Previous_Value.4                          10AB       1       1       2   PWM_DATA    
     Ciclo.5                                   10AC       4       4      11   PWM_DATA    
     Internal_Value.6                          10B0       1       1       2   PWM_DATA    
     Previous_Value.7                          10B1       1       1       2   PWM_DATA    
     Ciclo.8                                   10B2       4       4      11   PWM_DATA    
     Internal_Value.9                          10B6       1       1       2   PWM_DATA    
     Previous_Value.10                         10B7       1       1       2   PWM_DATA    
     Ciclo.11                                  10B8       4       4      11   PWM_DATA    
     Internal_Value.12                         10BC       1       1       2   PWM_DATA    
     Previous_Value.13                         10BD       1       1       2   PWM_DATA    
     Period                                    10BE      10      16      15   PWM_DATA    
     Duty                                      10CE      10      16      25   PWM_DATA    
MODULE:                 -- O7.c.o --
- PROCEDURES:
     O7_PutVal__FUc                            D79B       D      13       2   O7_CODE     
- VARIABLES:
MODULE:                 -- O2.c.o --
- PROCEDURES:
     O2_PutVal__FUc                            D774       D      13       2   O2_CODE     
- VARIABLES:
MODULE:                 -- O4.c.o --
- PROCEDURES:
     O4_PutVal__FUc                            D781       D      13       2   O4_CODE     
- VARIABLES:
MODULE:                 -- O6.c.o --
- PROCEDURES:
     O6_PutVal__FUc                            D78E       D      13       2   O6_CODE     
- VARIABLES:
MODULE:                 -- Control.c.o --
- PROCEDURES:
     integral__FiN50PlT0                       759D      F9     249       5   .text       
     cprop__FiN30lN20                          7696      A5     165       3   .text       
     dtprop__FiN20                             773B      34      52       2   .text       
     dtonoff__FiT0                             776F      16      22       2   .text       
     derivada__FiT0UcT0PlPi                    7785      A4     164       1   .text       
     duty_onoff__FiN20                         7829      2F      47       1   .text       
     proporcional__FiT0                        7858       3       3       1   .text       
- VARIABLES:
MODULE:                 -- SelfTune.c.o --
- PROCEDURES:
     SelfTuneControl__FUci                     785B     210     528      34   .text       
- VARIABLES:
     STRING.St.1.4                             6101       5       5       1   .rodata1    
     STRING.St.0.5                             6106       5       5       1   .rodata1    
     STRING.St.2.6                             610B       5       5       1   .rodata1    
     STRING.St.3.7                             6110       5       5       1   .rodata1    
     STRING.St.4.8                             6115       5       5       1   .rodata1    
     STRING.St.5.9                             611A       5       5       1   .rodata1    
     STRING..10                                611F       1       1       1   .rodata1    
     STRING.St.E.11                            6120       5       5       1   .rodata1    
     dutystn.3                                 1059       2       2       4   .bss        
     St_Counter                                1333      10      16      22   IFsh10_DATA 
     St_Step                                   1343       4       4       4   IFsh10_DATA 
     prev_val                                  1347       2       2       5   IFsh10_DATA 
     St_val_max                                1349       2       2       2   IFsh10_DATA 
     St_val_min                                134B       2       2       2   IFsh10_DATA 
     St_abrt_cnt                               134D       2       2       3   IFsh10_DATA 
MODULE:                 -- cnfbox.c.o --
- PROCEDURES:
- VARIABLES:
     Lim_m9999                                 58EA       2       2       2   .rodata     
     Lim_m1999                                 58EC       2       2      20   .rodata     
     Lim_0                                     58EE       2       2      41   .rodata     
     Lim_2                                     58F0       2       2       5   .rodata     
     Lim_3                                     58F2       2       2       2   .rodata     
     Lim_5                                     58F4       2       2       1   .rodata     
     Lim_6                                     58F6       2       2       3   .rodata     
     Lim_7                                     58F8       2       2       3   .rodata     
     Lim_10                                    58FA       2       2       5   .rodata     
     Lim_255                                   58FC       2       2       3   .rodata     
     Lim_600                                   58FE       2       2       3   .rodata     
     Lim_1000                                  5900       2       2       9   .rodata     
     Lim_9999                                  5902       2       2      24   .rodata     
     Lim_32767                                 5904       2       2       1   .rodata     
     Limite_sensor_Sup                         5906       2       2       2   .rodata     
     Parametros                                5908     288     648      38   .rodata     
     R_Principal1                              5B90       A      10       1   .rodata     
     Principal1                                5B9A       D      13      12   .rodata     
     R_C1SP                                    5BA7       6       6       1   .rodata     
     C1SP                                      5BAD       D      13       3   .rodata     
     C1POT                                     5BBA       D      13       1   .rodata     
     AL1                                       5BC7       D      13       3   .rodata     
     dCodigo                                   5BD4       9       9       1   .rodata     
     Codigo1                                   5BDD       D      13       1   .rodata     
     Sintonia                                  5BEA       C      12       2   .rodata     
     Calibracion                               5BF6       C      12       1   .rodata     
     Setting                                   5C02       C      12       1   .rodata     
     Limites                                   5C0E       C      12       1   .rodata     
     LimiteInferior1                           5C1A       D      13       1   .rodata     
     LimiteSuperior1                           5C27       D      13       1   .rodata     
     PotenciaInferior1                         5C34       D      13       1   .rodata     
     PotenciaSuperior1                         5C41       D      13       1   .rodata     
     STRING.Pri..3                             6125       5       5       1   .rodata1    
     STRING.SP.1.4                             612A       5       5       1   .rodata1    
     STRING.Pot1.7                             612F       5       5       1   .rodata1    
     STRING.A..1.10                            6134       5       5       1   .rodata1    
     STRING.cod..13                            6139       5       5       1   .rodata1    
     STRING.tun..14                            613E       5       5       1   .rodata1    
     STRING.SintoniA....15                     6143       C      12       1   .rodata1    
     STRING.cAL..16                            614F       5       5       1   .rodata1    
     STRING.cALibrAcion....17                  6154       F      15       1   .rodata1    
     STRING.SEt..18                            6163       5       5       1   .rodata1    
     STRING.conFiGurAcion....19                6168      11      17       1   .rodata1    
     STRING.LiM..20                            6179       5       5       1   .rodata1    
     STRING.LiMitES....21                      617E       B      11       1   .rodata1    
     STRING.Li.1.22                            6189       5       5       1   .rodata1    
     STRING.LS.1.23                            618E       5       5       1   .rodata1    
     STRING.Pi.1.24                            6193       5       5       1   .rodata1    
     STRING.PS.1.25                            6198       5       5       1   .rodata1    
     Lim_Inf_ch                                134F       2       2       9   IFsh10_DATA 
     Lim_Sup_ch                                1351       2       2      10   IFsh10_DATA 
     Lim_Dec                                   1353       2       2       3   IFsh10_DATA 
MODULE:                 -- boxestun.c.o --
- PROCEDURES:
- VARIABLES:
     C1RES                                     5C4E       D      13       1   .rodata     
     Periodos                                  5C5B      14      20       1   .rodata     
     C1PER                                     5C6F       E      14       1   .rodata     
     C1AB                                      5C7D       D      13       1   .rodata     
     C1IN                                      5C8A       D      13       1   .rodata     
     C1DR                                      5C97       D      13       1   .rodata     
     Selftune                                  5CA4       4       4       1   .rodata     
     C1STN                                     5CA8       E      14       1   .rodata     
     C1ABA1                                    5CB6       D      13       1   .rodata     
     STRING.rES1.3                             619D       5       5       1   .rodata1    
     STRING..1...4                             61A2       5       5       1   .rodata1    
     STRING..2...5                             61A7       5       5       1   .rodata1    
     STRING..5...6                             61AC       5       5       1   .rodata1    
     STRING.1....7                             61B1       5       5       1   .rodata1    
     STRING.2....8                             61B6       5       5       1   .rodata1    
     STRING.5....9                             61BB       5       5       1   .rodata1    
     STRING.10...10                            61C0       5       5       1   .rodata1    
     STRING.20...11                            61C5       5       5       1   .rodata1    
     STRING.50...12                            61CA       5       5       1   .rodata1    
     STRING.AnL..13                            61CF       5       5       1   .rodata1    
     STRING.Pr.1.14                            61D4       5       5       1   .rodata1    
     STRING.Ab.1.15                            61D9       5       5       1   .rodata1    
     STRING.in.1.16                            61DE       5       5       1   .rodata1    
     STRING.dr.1.17                            61E3       5       5       1   .rodata1    
     STRING.oFF..18                            61E8       5       5       1   .rodata1    
     STRING.Ston.19                            61ED       5       5       1   .rodata1    
     STRING.St.1.20                            61F2       5       5       1   .rodata1    
     STRING.AbA1.21                            61F7       5       5       1   .rodata1    
MODULE:                 -- boxescal.c.o --
- PROCEDURES:
- VARIABLES:
     T_Sensores                                5CC3      1E      30       1   .rodata     
     TipoSensor1                               5CE1       E      14       1   .rodata     
     Offset1                                   5CEF       D      13       1   .rodata     
     Ganancia1                                 5CFC       D      13       2   .rodata     
     T_Com                                     5D09       4       4       1   .rodata     
     Comunicacion                              5D0D       E      14       1   .rodata     
     ACT1                                      5D1B       D      13       1   .rodata     
     AGT1                                      5D28       D      13       1   .rodata     
     ACP1                                      5D35       D      13       1   .rodata     
     AGP1                                      5D42       D      13       1   .rodata     
     AAnlLow1                                  5D4F       D      13       1   .rodata     
     AAnlHi1                                   5D5C       D      13       1   .rodata     
     ATA1                                      5D69       D      13       1   .rodata     
     Ta                                        5D76       D      13       1   .rodata     
     Filtro1                                   5D83       D      13       1   .rodata     
     STRING.Jb...3                             61FC       5       5       1   .rodata1    
     STRING.JA...4                             6201       5       5       1   .rodata1    
     STRING.n....5                             6206       5       5       1   .rodata1    
     STRING.kb...6                             620B       5       5       1   .rodata1    
     STRING.kA...7                             6210       5       5       1   .rodata1    
     STRING.S....8                             6215       5       5       1   .rodata1    
     STRING.r....9                             621A       5       5       1   .rodata1    
     STRING.b....10                            621F       5       5       1   .rodata1    
     STRING.t....11                            6224       5       5       1   .rodata1    
     STRING.Pt...12                            6229       5       5       1   .rodata1    
     STRING.Lin1.13                            622E       5       5       1   .rodata1    
     STRING.Lin2.14                            6233       5       5       1   .rodata1    
     STRING.Lin3.15                            6238       5       5       1   .rodata1    
     STRING.Lin4.16                            623D       5       5       1   .rodata1    
     STRING.MiLV.17                            6242       5       5       1   .rodata1    
     STRING.SEn1.18                            6247       5       5       1   .rodata1    
     STRING.oFS1.19                            624C       5       5       1   .rodata1    
     STRING.gAn1.20                            6251       5       5       1   .rodata1    
     STRING.dHt..21                            6256       5       5       1   .rodata1    
     STRING.dHS..22                            625B       5       5       1   .rodata1    
     STRING.Com..23                            6260       5       5       1   .rodata1    
     STRING.AC.1.24                            6265       5       5       1   .rodata1    
     STRING.Ag.1.25                            626A       5       5       1   .rodata1    
     STRING.ACP1.26                            626F       5       5       1   .rodata1    
     STRING.AGP1.27                            6274       5       5       1   .rodata1    
     STRING.AnL..28                            6279       5       5       1   .rodata1    
     STRING.AnH..29                            627E       5       5       1   .rodata1    
     STRING.AtA..30                            6283       5       5       1   .rodata1    
     STRING.tA...31                            6288       5       5       1   .rodata1    
     STRING.FiL1.32                            628D       5       5       1   .rodata1    
MODULE:                 -- boxesset.c.o --
- PROCEDURES:
- VARIABLES:
     T_Salcont                                 5D90       6       6       1   .rodata     
     C1TSC                                     5D96       E      14       1   .rodata     
     T_Alar                                    5DA4       E      14       1   .rodata     
     C1AL1                                     5DB2       E      14       1   .rodata     
     Alarmas                                   5DC0       C      12       1   .rodata     
     C1TAL1                                    5DCC       E      14       1   .rodata     
     Bloqueos                                  5DDA       A      10       1   .rodata     
     Version1                                  5DE4       E      14       1   .rodata     
     Id                                        5DF2       D      13       1   .rodata     
     SetC                                      5DFF       D      13       1   .rodata     
     Mod                                       5E0C       9       9       1   .rodata     
     ModMain                                   5E15       D      13       1   .rodata     
     STRING.cAL..6                             6292       5       5       1   .rodata1    
     STRING.rEF..7                             6297       5       5       1   .rodata1    
     STRING.MAn..8                             629C       5       5       1   .rodata1    
     STRING.C..1.9                             62A1       5       5       1   .rodata1    
     STRING.E....10                            62A6       5       5       1   .rodata1    
     STRING.d....11                            62AB       5       5       1   .rodata1    
     STRING.ErEt.12                            62B0       5       5       1   .rodata1    
     STRING.drEt.13                            62B5       5       5       1   .rodata1    
     STRING.dblk.14                            62BA       5       5       1   .rodata1    
     STRING.rEt..15                            62BF       5       5       1   .rodata1    
     STRING.no...16                            62C4       5       5       1   .rodata1    
     STRING.A..1.17                            62C9       5       5       1   .rodata1    
     STRING.rEL..20                            62CE       5       5       1   .rodata1    
     STRING.AbS..21                            62D3       5       5       1   .rodata1    
     STRING.rEFr.22                            62D8       5       5       1   .rodata1    
     STRING.bAn..23                            62DD       5       5       1   .rodata1    
     STRING.SG...24                            62E2       5       5       1   .rodata1    
     STRING.EoC..25                            62E7       5       5       1   .rodata1    
     STRING.AL.1.26                            62EC       5       5       1   .rodata1    
     STRING.bL1..31                            62F1       5       5       1   .rodata1    
     STRING.bL2..32                            62F6       5       5       1   .rodata1    
     STRING.bL3..33                            62FB       5       5       1   .rodata1    
     STRING.Pot..34                            6300       5       5       1   .rodata1    
     STRING.A0611.cd101c.1Al...35              6305      13      19       1   .rodata1    
     STRING.VEr1.36                            6318       5       5       1   .rodata1    
     STRING.id...37                            631D       5       5       1   .rodata1    
     STRING.SetC.38                            6322       5       5       1   .rodata1    
     STRING.AMod.41                            6327       5       5       1   .rodata1    
     DirPar                                    1355       2       2       4   IFsh10_DATA 
MODULE:                 -- Sensores.c.o --
- PROCEDURES:
     Linealizar__Fl8t_sensorPi                 7A6B     123     291       7   .text       
     CompTempAmb__F8t_sensor                   7B8E      F2     242       2   .text       
     filtro__FiN30Pl                           7C80      69     105       1   .text       
- VARIABLES:
     J_X                                       5E22      1C      28       2   .rodata     
     J_Y                                       5E3E      1C      28       2   .rodata     
     n_X                                       5E5A      12      18       1   .rodata     
     n_Y                                       5E6C      12      18       1   .rodata     
     K_X                                       5E7E      12      18       2   .rodata     
     K_Y                                       5E90      12      18       2   .rodata     
     s_X                                       5EA2      14      20       1   .rodata     
     s_Y                                       5EB6      14      20       1   .rodata     
     r_X                                       5ECA      16      22       1   .rodata     
     r_Y                                       5EE0      16      22       1   .rodata     
     t_X                                       5EF6      20      32       1   .rodata     
     t_Y                                       5F16      20      32       1   .rodata     
     b_X                                       5F36      16      22       1   .rodata     
     b_Y                                       5F4C      16      22       1   .rodata     
     Pt_X                                      5F62      18      24       1   .rodata     
     Pt_Y                                      5F7A      18      24       1   .rodata     
     Lin_X                                     5F92       6       6       4   .rodata     
     Lin_Y                                     5F98       6       6       4   .rodata     
     milv_X                                    5F9E       6       6       1   .rodata     
     milv_Y                                    5FA4       6       6       1   .rodata     
     Sensores                                  5FAA      69     105      17   .rodata     
MODULE:                 -- Vectors.c.o --
- PROCEDURES:
- VARIABLES:
     _InterruptVectorTable                     FF80      80     128       0   .abs_section_ff80
MODULE:                 -- boxes.c.o --
- PROCEDURES:
     Escribir__FPC5TDatoi                      7CE9      5C      92       7   .text       
     Boxes_Init__Fv                            7D45       6       6       1   .text       
     TitleHandler__Fv                          7D4B      89     137       5   .text       
     TxtHandler__Fv                            7DD4      FD     253       9   .text       
     NumHandler__Fv                            7ED1      E8     232      27   .text       
     NumHandlerEsp__Fv                         C000      75     117       1   ROM_C000_163
     ABHandler__Fv                             C075      51      81       1   ROM_C000_163
     ABAHandler__Fv                            C0C6      52      82       1   ROM_C000_163
     CodHandler__Fv                            C118      1E      30       1   ROM_C000_163
     MainHandler__Fv                           C136     1E5     485       6   ROM_C000_163
     set_MainText__FPCSc                       C31B      49      73       3   ROM_C000_163
     Exit__Fv                                  C364       9       9       4   ROM_C000_163
     Salir_num__Fv                             C36D      38      56       6   ROM_C000_163
     A_Decimales__FiUc                         C3A5      B5     181       2   ROM_C000_163
     A_Sensor__FiUc                            C45A      E0     224       3   ROM_C000_163
     A_Selftun__FiUc                           C53A      38      56       2   ROM_C000_163
- VARIABLES:
     UF                                        6013       5       5       1   .rodata     
     OF                                        6018       5       5       1   .rodata     
     STRING......7                             632C       5       5       1   .rodata1    
     STRING...Ct...12                          6331       7       7       1   .rodata1    
     STRING.A0611.cd101c.1Al...13              6338      13      19       1   .rodata1    
     STRING.PotE.20                            634B       5       5       1   .rodata1    
     STRING..21                                6350       1       1       1   .rodata1    
     main_text                                 1032      19      25       6   .data       
     flagpote                                  105B       1       1       3   .bss        
     is_box_principal                          105C       1       1       5   .bss        
     save_parametros                           105D       1       1       8   .bss        
     unaVez.17                                 105E       1       1       2   .bss        
     fTimer.18                                 105F       1       1       2   .bss        
     resetScrollUnaVez.19                      1060       1       1       2   .bss        
     show_main_text                            1061       1       1       6   .bss        
     Tecla                                     140C       1       1      24   .common     
     Valor_Tmp                                 140D       2       2      37   .common     
     bufferNro                                 140F       2       2       5   .common     
     buffersDato                               1411       2       2       6   .common     
     PtrBox                                    1413       2       2      38   .common     
     save                                      1415       1       1       7   .common     
     FstTime                                   1416       1       1      18   .common     
     Sensor_dec                                1417       1       1       2   .common     
MODULE:                 -- System.c.o --
- PROCEDURES:
     System_init__Fv                           C572       E      14       1   ROM_C000_163
- VARIABLES:
     baseTiempo                                1418       2       2       1   .common     
MODULE:                 -- Math.c.o --
- PROCEDURES:
     pow10__FUc                                C580       9       9       2   ROM_C000_163
- VARIABLES:
     div_dec                                   601D       A      10       1   .rodata     
MODULE:                 -- TimerOld.c.o --
- PROCEDURES:
[...]
       |        |  |    
       |        |  +- TI1_Init__Fv        
       |        |  |    
       |        |  +- PWM_Init__Fv        
       |        |  |  | 
       |        |  |  +- setPWM_period__FiUc  (see above)
       |        |  |  |  
       |        |  |  +- PWM_SetRatio16__FUiUc (see above)
       |        |  |     
       |        |  +- EI2C1_Init__Fv      
       |        |       
       |        +- timerInterrupt_init__Fv
       |        |  | 
       |        |  +- __nw__FGUi          
       |        |  |  | 
       |        |  |  +- malloc              
       |        |  |  |  | 
       |        |  |  |  +- _heapcrash_         
       |        |  |  |       
       |        |  |  +- exit                
       |        |  |       
       |        |  +- __ct__15MethodContainerFv
       |        |     | 
       |        |     +- __ct__10LinkedListFv
       |        |     |  | 
       |        |     |  +- __ct__4ListFv       
       |        |     |  |  | 
       |        |     |  |  +- __ct__10CollectionFv
       |        |     |  |       
       |        |     |  +- ____vtbl__LinkedListListCollection
       |        |     |     | 
       |        |     |     +- add__10LinkedListFPv
       |        |     |     |  | 
       |        |     |     |  +- __nw__FGUi           (see above)
       |        |     |     |  |  
       |        |     |     |  +- __ct__4NodoFPvP4Nodo
       |        |     |     |       
       |        |     |     +- clear__10LinkedListFv
       |        |     |     |  | 
       |        |     |     |  +- __dl__FGPv          
       |        |     |     |     | 
       |        |     |     |     +- free                
       |        |     |     |        | 
       |        |     |     |        +- _heapcrash_          (see above)
       |        |     |     |           
       |        |     |     +- contains__10LinkedListFPv
       |        |     |     |    
       |        |     |     +- isEmpty__10LinkedListFv
       |        |     |     |    
       |        |     |     +- iterator__10LinkedListFv
       |        |     |     |    
       |        |     |     +- moveOut__10LinkedListFPv
       |        |     |     |  | 
       |        |     |     |  +- deleteNodo__10LinkedListFP4NodoT1
       |        |     |     |     | 
       |        |     |     |     +- getNext__4NodoFv.2  
       |        |     |     |     |    
       |        |     |     |     +- setNext__4NodoFP4Nodo
       |        |     |     |     |    
       |        |     |     |     +- __dl__FGPv           (see above)
       |        |     |     |        
       |        |     |     +- size__10LinkedListFv
       |        |     |     |    
       |        |     |     +- get__10LinkedListFUi
       |        |     |     |    
       |        |     |     +- aniadir__10LinkedListFPv
       |        |     |        | 
       |        |     |        +- __nw__FGUi           (see above)
       |        |     |        |  
       |        |     |        +- __ct__4NodoFPvP4Nodo (see above)
       |        |     |        |  
       |        |     |        +- _LOAD_FAR_16        
       |        |     |        |    
       |        |     |        +- setNext__4NodoFP4Nodo (see above)
       |        |     |           
       |        |     +- ____vtbl__MethodContainerLinkedListListCollection
       |        |        | 
       |        |        +- add__15MethodContainerFPv
       |        |        |  | 
       |        |        |  +- classOf__FPCv       
       |        |        |  |  | 
       |        |        |  |  +- _assert             
       |        |        |  |     | 
       |        |        |  |     +- abort               
       |        |        |  |          
       |        |        |  +- Method              
       |        |        |  |  | 
       |        |        |  |  +- Object              
       |        |        |  |  |  | 
       |        |        |  |  |  +- Class               
       |        |        |  |  |  |  | 
       |        |        |  |  |  |  +- Object               (see above)
       |        |        |  |  |  |  |  
       |        |        |  |  |  |  +- Object_ctor__FPvPPSc
       |        |        |  |  |  |  |    
       |        |        |  |  |  |  +- Object_dtor__FPv    
       |        |        |  |  |  |  |    
       |        |        |  |  |  |  +- Object_differ__FPCvT0
       |        |        |  |  |  |  |    
       |        |        |  |  |  |  +- Object_puto__FPCvP12OutputStream
       |        |        |  |  |  |     | 
       |        |        |  |  |  |     +- classOf__FPCv        (see above)
       |        |        |  |  |  |     |  
       |        |        |  |  |  |     +- write__FPvPCSc      
       |        |        |  |  |  |     |  | 
       |        |        |  |  |  |     |  +- classOf__FPCv        (see above)
       |        |        |  |  |  |     |  |  
       |        |        |  |  |  |     |  +- _assert              (see above)
       |        |        |  |  |  |     |     
       |        |        |  |  |  |     +- sprintf             
       |        |        |  |  |  |        | 
       |        |        |  |  |  |        +- deposit_char        
       |        |        |  |  |  |        |    
       |        |        |  |  |  |        +- vprintf             
       |        |        |  |  |  |           | 
       |        |        |  |  |  |           +- _out                
       |        |        |  |  |  |           |    
       |        |        |  |  |  |           +- _CASE_SEARCH_8_BYTE 
       |        |        |  |  |  |           |    
       |        |        |  |  |  |           +- _CASE_DIRECT_BYTE   
       |        |        |  |  |  |           |    
       |        |        |  |  |  |           +- _CASE_SEARCH_8      
       |        |        |  |  |  |           |    
       |        |        |  |  |  |           +- _ILSEXT              (see above)
       |        |        |  |  |  |           |  
       |        |        |  |  |  |           +- _LNEG                (see above)
       |        |        |  |  |  |           |  
       |        |        |  |  |  |           +- _LCMP_P              (see above)
       |        |        |  |  |  |              
       |        |        |  |  |  +- Object_ctor__FPvPPSc (see above)
       |        |        |  |  |  |  
       |        |        |  |  |  +- Object_dtor__FPv     (see above)
       |        |        |  |  |  |  
       |        |        |  |  |  +- Object_differ__FPCvT0 (see above)
       |        |        |  |  |  |  
       |        |        |  |  |  +- Object_puto__FPCvP12OutputStream (see above)
       |        |        |  |  |     
       |        |        |  |  +- Method_defConstructor
       |        |        |  |     | 
       |        |        |  |     +- Method_constructor  
       |        |        |  |          
       |        |        |  +- add__10LinkedListFPv (see above)
       |        |        |     
       |        |        +- clear__10LinkedListFv (see above)
       |        |        |  
       |        |        +- contains__10LinkedListFPv (see above)
       |        |        |  
       |        |        +- isEmpty__10LinkedListFv (see above)
       |        |        |  
       |        |        +- iterator__10LinkedListFv (see above)
       |        |        |  
       |        |        +- moveOut__10LinkedListFPv (see above)
       |        |        |  
       |        |        +- size__10LinkedListFv (see above)
       |        |        |  
       |        |        +- get__10LinkedListFUi (see above)
       |        |        |  
       |        |        +- aniadir__10LinkedListFPv (see above)
       |        |           
       |        +- System_init__Fv     
       |           | 
       |           +- BaseTiempoDS1307    
       |           |  | 
       |           |  +- BaseTiempoDS1307_defConstructor__FPvPPSc
       |           |  |  | 
       |           |  |  +- BaseTiempoDS1307_constructor__FPv
       |           |  |     | 
       |           |  |     +- EI2C1_Init__Fv       (see above)
       |           |  |     |  
       |           |  |     +- EI2C1_SendChar__FUc 
       |           |  |     |  | 
       |           |  |     |  +- Inhr1_SetDir__FUc   
       |           |  |     |  |    
       |           |  |     |  +- Inhr2_SetDir__FUc   
       |           |  |     |  |    
       |           |  |     |  +- Delay__Fv           
       |           |  |     |  |    
       |           |  |     |  +- Write__FUc          
       |           |  |     |  |  | 
       |           |  |     |  |  +- Inhr1_SetDir__FUc    (see above)
       |           |  |     |  |  |  
       |           |  |     |  |  +- Inhr2_SetDir__FUc    (see above)
       |           |  |     |  |  |  
       |           |  |     |  |  +- Delay__Fv            (see above)
       |           |  |     |  |     
       |           |  |     |  +- GetAck__Fv          
       |           |  |     |  |  | 
       |           |  |     |  |  +- Inhr1_SetDir__FUc    (see above)
       |           |  |     |  |  |  
       |           |  |     |  |  +- Inhr2_SetDir__FUc    (see above)
       |           |  |     |  |  |  
       |           |  |     |  |  +- Delay__Fv            (see above)
       |           |  |     |  |     
       |           |  |     |  +- EI2C1_OnNACK__Fv    
       |           |  |     |  |    
       |           |  |     |  +- InternalStop__Fv    
       |           |  |     |  |  | 
       |           |  |     |  |  +- Inhr1_SetDir__FUc    (see above)
       |           |  |     |  |  |  
       |           |  |     |  |  +- Inhr2_SetDir__FUc    (see above)
       |           |  |     |  |  |  
       |           |  |     |  |  +- Delay__Fv            (see above)
       |           |  |     |  |     
       |           |  |     |  +- EI2C1_OnTxChar__Fv  
       |           |  |     |       
       |           |  |     +- EI2C1_SendStop__Fv  
       |           |  |     |  | 
       |           |  |     |  +- Inhr1_SetDir__FUc    (see above)
       |           |  |     |  |  
       |           |  |     |  +- Inhr2_SetDir__FUc    (see above)
       |           |  |     |  |  
       |           |  |     |  +- Delay__Fv            (see above)
       |           |  |     |     
       |           |  |     +- EI2C1_RecvBlock__FPvUiPUi
       |           |  |     |  | 
       |           |  |     |  +- Inhr1_SetDir__FUc    (see above)
       |           |  |     |  |  
       |           |  |     |  +- Inhr2_SetDir__FUc    (see above)
       |           |  |     |  |  
       |           |  |     |  +- Delay__Fv            (see above)
       |           |  |     |  |  
       |           |  |     |  +- Write__FUc           (see above)
       |           |  |     |  |  
       |           |  |     |  +- GetAck__Fv           (see above)
       |           |  |     |  |  
       |           |  |     |  +- EI2C1_OnNACK__Fv     (see above)
       |           |  |     |  |  
       |           |  |     |  +- InternalStop__Fv     (see above)
       |           |  |     |  |  
       |           |  |     |  +- Read__Fv            
       |           |  |     |  |  | 
       |           |  |     |  |  +- Inhr1_SetDir__FUc    (see above)
       |           |  |     |  |  |  
       |           |  |     |  |  +- Inhr2_SetDir__FUc    (see above)
       |           |  |     |  |  |  
       |           |  |     |  |  +- Delay__Fv            (see above)
       |           |  |     |  |     
       |           |  |     |  +- EI2C1_OnRxChar__Fv  
       |           |  |     |  |    
       |           |  |     |  +- SetAck__FUc         
       |           |  |     |     | 
       |           |  |     |     +- Inhr1_SetDir__FUc    (see above)
       |           |  |     |     |  
       |           |  |     |     +- Inhr2_SetDir__FUc    (see above)
       |           |  |     |     |  
       |           |  |     |     +- Delay__Fv            (see above)
       |           |  |     |        
       |           |  |     +- EI2C1_SendBlock__FPvUiPUi
       |           |  |        | 
       |           |  |        +- Inhr1_SetDir__FUc    (see above)
       |           |  |        |  
       |           |  |        +- Inhr2_SetDir__FUc    (see above)
       |           |  |        |  
       |           |  |        +- Delay__Fv            (see above)
       |           |  |        |  
       |           |  |        +- Write__FUc           (see above)
       |           |  |        |  
       |           |  |        +- GetAck__Fv           (see above)
       |           |  |        |  
       |           |  |        +- EI2C1_OnNACK__Fv     (see above)
       |           |  |        |  
       |           |  |        +- InternalStop__Fv     (see above)
       |           |  |        |  
       |           |  |        +- EI2C1_OnTxChar__Fv   (see above)
       |           |  |           
       |           |  +- Object_dtor__FPv     (see above)
       |           |  |  
       |           |  +- Object_differ__FPCvT0 (see above)
       |           |  |  
       |           |  +- Object_puto__FPCvP9OutStream
       |           |  |  | 
       |           |  |  +- classOf__FPCv        (see above)
       |           |  |  |  
       |           |  |  +- write__FPvPCSc       (see above)
       |           |  |  |  
       |           |  |  +- sprintf              (see above)
       |           |  |     
       |           |  +- BaseTiempoDS1307_getTiempo__FPvP7TIMEREC
       |           |  |  | 
       |           |  |  +- EI2C1_SendChar__FUc  (see above)
       |           |  |  |  
       |           |  |  +- EI2C1_SendStop__Fv   (see above)
       |           |  |  |  
       |           |  |  +- EI2C1_RecvBlock__FPvUiPUi (see above)
       |           |  |     
       |           |  +- BaseTiempoDS1307_setTiempoValidado__FPvUcN21
       |           |  |  | 
       |           |  |  +- _BDIVMODU           
       |           |  |  |    
       |           |  |  +- EI2C1_SendBlock__FPvUiPUi (see above)
       |           |  |  |  
       |           |  |  +- EI2C1_SendStop__Fv   (see above)
       |           |  |     
       |           |  +- BaseTiempoDS1307_getFecha__FPvP7DATEREC
       |           |  |  | 
       |           |  |  +- EI2C1_SendChar__FUc  (see above)
       |           |  |  |  
       |           |  |  +- EI2C1_SendStop__Fv   (see above)
       |           |  |  |  
       |           |  |  +- EI2C1_RecvBlock__FPvUiPUi (see above)
       |           |  |     
       |           |  +- BaseTiempoDS1307_setFechaValidada__FPvUiUcT2
       |           |  |  | 
       |           |  |  +- _BDIVMODU            (see above)
       |           |  |  |  
       |           |  |  +- EI2C1_SendBlock__FPvUiPUi (see above)
       |           |  |  |  
       |           |  |  +- EI2C1_SendStop__Fv   (see above)
       |           |  |     
       |           |  +- BaseTiempoDS1307_getConfigurado__FPv
       |           |       
       |           +- newAlloced__FPvPCve 
       |              | 
       |              +- ctor__FPvPPSc       
       |              |  | 
       |              |  +- classOf__FPCv        (see above)
       |              |     
       |              +- _assert              (see above)
       |                 
       +- Init__Fv            
       |  | 
       |  +- _startupData         (see above)
       |     
       +- Fini__Fv            
          | 
          +- _startupData         (see above)
             
 _InterruptVectorTable
 | 
 +- Cpu_Interrupt__Fv   
 |    
 +- Sclk_Interrupt__Fv  
 |    
 +- Lock_Interrupt__Fv  
 |    
 +- ADC_Interrupt__Fv   
 |  | 
 |  +- ADC_Stop__Fv        
 |  |    
 |  +- _LDIVU               (see above)
 |  |  
 |  +- _LDIVS               (see above)
 |  |  
 |  +- ADC_Start__FSc      
 |       
 +- AS1_Interrupt__Fv   
 |  | 
 |  +- AS1_OnRxChar__Fv    
 |  |  | 
 |  |  +- AS1_RecvChar__FPUc  
 |  |  |    
 |  |  +- ModBus_Recive__FUc  
 |  |     | 
 |  |     +- calculate_crc__FPUcUc
 |  |     |    
 |  |     +- ConseguirDirReal__FUi
 |  |     |    
 |  |     +- ConseguirDirRealDHsoft__FUi
 |  |     |    
 |  |     +- Parametros           (see above)
 |  |     |  
 |  |     +- Escribir__FPC5TDatoi (see above)
 |  |     |  
 |  |     +- EscribirWord__FUii   (see above)
 |  |     |  
 |  |     +- Timer_Run__FUiPUcUc  (see above)
 |  |        
 |  +- AS1_OnTxComplete__Fv
 |     | 
 |     +- ModBus_Send__Fv     
 |        | 
 |        +- AS1_SendChar__FUc   
 |        |    
 |        +- calculate_crc__FPUcUc (see above)
 |           
 +- CapPT2_IntOverflow__Fv
 |  | 
 |  +- CapPT2_OnOverflow__Fv
 |       
 +- PWM6_Interrupt__Fv  
 |  | 
 |  +- PWM_OnToggle__FUcT0 
 |  |  | 
 |  |  +- _CASE_CHECKED_BYTE   (see above)
 |  |  |  
 |  |  +- O2_PutVal__FUc      
 |  |  |    
 |  |  +- O4_PutVal__FUc      
 |  |  |    
 |  |  +- O6_PutVal__FUc      
 |  |  |    
 |  |  +- O7_PutVal__FUc      
 |  |       
 |  +- Conf_Toggle__FPUcUc 
 |     | 
 |     +- PutVal__FUcT0       
 |        | 
 |        +- _CASE_CHECKED_BYTE   (see above)
 |           
 +- PWM5_Interrupt__Fv  
 |  | 
 |  +- PWM_OnToggle__FUcT0  (see above)
 |  |  
 |  +- Conf_Toggle__FPUcUc  (see above)
 |     
 +- PWM4_Interrupt__Fv  
 |  | 
 |  +- PWM_OnToggle__FUcT0  (see above)
 |  |  
 |  +- Conf_Toggle__FPUcUc  (see above)
 |     
 +- CapPT2_Interrupt__Fv
 |  | 
 |  +- CapPT2_OnCapture__Fv
 |     | 
 |     +- CapPT2_Reset__Fv    
 |     |    
 |     +- _LINC               
 |          
 +- PWM_Interrupt__Fv   
 |  | 
 |  +- PWM_OnToggle__FUcT0  (see above)
 |  |  
 |  +- Conf_Toggle__FPUcUc  (see above)
 |     
 +- TI1_Interrupt__Fv   
 |  | 
 |  +- TI1ms_OnInterrupt__Fv
 |  |  | 
 |  |  +- ADC_Start__FSc       (see above)
 |  |  |  
 |  |  +- MainHandler__Fv      (see above)
 |  |  |  
 |  |  +- TitleHandler__Fv     (see above)
 |  |  |  
 |  |  +- TI1_SetPeriodMode__F8TI1_mode
 |  |  |    
 |  |  +- O2_PutVal__FUc       (see above)
 |  |  |  
 |  |  +- O4_PutVal__FUc       (see above)
 |  |  |  
 |  |  +- O6_PutVal__FUc       (see above)
 |  |  |  
 |  |  +- O7_PutVal__FUc       (see above)
 |  |  |  
 |  |  +- _CASE_CHECKED_BYTE   (see above)
 |  |  |  
 |  |  +- ModBus_Send__Fv      (see above)
 |  |  |  
 |  |  +- _LINC                (see above)
 |  |  |  
 |  |  +- DpyAndSwitch__Fv    
 |  |     | 
 |  |     +- Switches__FUc       
 |  |     |  | 
 |  |     |  +- Timer_Run__FUiPUcUc  (see above)
 |  |     |     
 |  |     +- Timer_Run__FUiPUcUc  (see above)
 |  |        
 |  +- TI40ms_OnInterrupt__Fv
 |     | 
 |     +- TI1_SetPeriodMode__F8TI1_mode (see above)
 |     |  
 |     +- _CASE_CHECKED_BYTE   (see above)
 |     |  
 |     +- IFsh10_GrabarFlash__Fv
 |     |  | 
 |     |  +- BackupSector__Fv    
 |     |  |    
 |     |  +- EraseSectorInternal__FUi
 |     |  |    
 |     |  +- WriteArray__FUiN20PUi
 |     |       
 |     +- Principal1           (see above)
 |     |  
 |     +- Escribir__FPC5TDatoi (see above)
 |        
 +- _EntryPointCOP__Fv  
 |  | 
 |  +- _EntryPoint          (see above)
 |     
 +- _EntryPoint          (see above)
    
*********************************************************************************************
STATISTIC SECTION
---------------------------------------------------------------------------------------------

ExeFile:
--------
Number of blocks to be downloaded: 26
Total size of all blocks to be downloaded: 19337

